
> budesk@0.1.0 build C:\Users\buduc\OneDrive\Desktop\Github\budesk
> next build

Γû▓ Next.js 16.1.3 (Turbopack)
- Environments: .env

node.exe : ΓÜá The 
"middleware" file 
convention is 
deprecated. Please use 
"proxy" instead. Learn 
more: https://nextjs.or
g/docs/messages/middlew
are-to-proxy
No C:\Users\buduc\AppDa
ta\Roaming\npm\pnpm.ps1
:24 caractere:5
+     & "node$exe"  "$b
asedir/node_modules/pnp
m/bin/pnpm.cjs" $args
+     ~~~~~~~~~~~~~~~~~
~~~~~~~~~~~~~~~~~~~~~~~
~~~~~~~~~~~~~~~~~~~~~
    + CategoryInfo     
         : NotSpecifi  
  ed: (ΓÜá The "midd   
 le...leware-to-pro    
xy:String) [], Rem    
oteException
    + FullyQualifiedEr 
   rorId : NativeComm  
  andError
 
  Creating an optimized production build ...

> Build error occurred
Error: Turbopack build 
failed with 2 errors:
./node_modules/.pnpm/re
charts@3.6.0_@types+rea
ct_c71eea319abfdbd1c8aa
a62b5e2b1c92/node_modul
es/recharts/es6/state/s
electors/polarAxisSelec
tors.js:14:1
Export 
selectPolarChartLayout 
doesn't exist in 
target module
[0m [90m 12 |[39m 
[36mimport[39m { defa
ultPolarRadiusAxisProps
 } [36mfrom[39m [32m
'../../polar/defaultPol
arRadiusAxisProps'[39m
[33m;[39m
 [90m 13 |[39m 
[36mimport[39m { comb
ineAxisRangeWithReverse
 } [36mfrom[39m [32m
'./combiners/combineAxi
sRangeWithReverse'[39m
[33m;[39m
[31m[1m>[22m[39m[9
0m 14 |[39m 
[36mimport[39m { sele
ctChartLayout[33m,[39
m 
selectPolarChartLayout 
} [36mfrom[39m [32m'
../../context/chartLayo
utContext'[39m[33m;[
39m
 [90m    |[39m [31m
[1m^[22m[39m[31m[1m
^[22m[39m[31m[1m^[
22m[39m[31m[1m^[22m
[39m[31m[1m^[22m[3
9m[31m[1m^[22m[39m
[31m[1m^[22m[39m[31
m[1m^[22m[39m[31m[
1m^[22m[39m[31m[1m^
[22m[39m[31m[1m^[2
2m[39m[31m[1m^[22m
[39m[31m[1m^[22m[39
m[31m[1m^[22m[39m[
31m[1m^[22m[39m[31m
[1m^[22m[39m[31m[1
m^[22m[39m[31m[1m^
[22m[39m[31m[1m^[22
m[39m[31m[1m^[22m[
39m[31m[1m^[22m[39m
[31m[1m^[22m[39m[3
1m[1m^[22m[39m[31m
[1m^[22m[39m[31m[1m
^[22m[39m[31m[1m^[
22m[39m[31m[1m^[22m
[39m[31m[1m^[22m[3
9m[31m[1m^[22m[39m
[31m[1m^[22m[39m[31
m[1m^[22m[39m[31m[
1m^[22m[39m[31m[1m^
[22m[39m[31m[1m^[2
2m[39m[31m[1m^[22m
[39m[31m[1m^[22m[39
m[31m[1m^[22m[39m[
31m[1m^[22m[39m[31m
[1m^[22m[39m[31m[1
m^[22m[39m[31m[1m^
[22m[39m[31m[1m^[22
m[39m[31m[1m^[22m[
39m[31m[1m^[22m[39m
[31m[1m^[22m[39m[3
1m[1m^[22m[39m[31m
[1m^[22m[39m[31m[1m
^[22m[39m[31m[1m^[
22m[39m[31m[1m^[22m
[39m[31m[1m^[22m[3
9m[31m[1m^[22m[39m
[31m[1m^[22m[39m[31
m[1m^[22m[39m[31m[
1m^[22m[39m[31m[1m^
[22m[39m[31m[1m^[2
2m[39m[31m[1m^[22m
[39m[31m[1m^[22m[39
m[31m[1m^[22m[39m[
31m[1m^[22m[39m[31m
[1m^[22m[39m[31m[1
m^[22m[39m[31m[1m^
[22m[39m[31m[1m^[22
m[39m[31m[1m^[22m[
39m[31m[1m^[22m[39m
[31m[1m^[22m[39m[3
1m[1m^[22m[39m[31m
[1m^[22m[39m[31m[1m
^[22m[39m[31m[1m^[
22m[39m[31m[1m^[22m
[39m[31m[1m^[22m[3
9m[31m[1m^[22m[39m
[31m[1m^[22m[39m[31
m[1m^[22m[39m[31m[
1m^[22m[39m[31m[1m^
[22m[39m[31m[1m^[2
2m[39m[31m[1m^[22m
[39m[31m[1m^[22m[39
m[31m[1m^[22m[39m[
31m[1m^[22m[39m[31m
[1m^[22m[39m[31m[1
m^[22m[39m[31m[1m^
[22m[39m[31m[1m^[22
m[39m[31m[1m^[22m[
39m[31m[1m^[22m[39m
[31m[1m^[22m[39m[3
1m[1m^[22m[39m[31m
[1m^[22m[39m
 [90m 15 |[39m 
[36mimport[39m { getA
xisTypeBasedOnLayout } 
[36mfrom[39m [32m'..
/../util/getAxisTypeBas
edOnLayout'[39m[33m;
[39m
 [90m 16 |[39m 
[36mexport[39m 
[36mvar[39m 
implicitAngleAxis 
[33m=[39m {
 [90m 17 |[39m   allo
wDataOverflow[33m:[39
m defaultPolarAngleAxis
Props[33m.[39mallowDa
taOverflow[33m,[39m[
0m

The export 
selectPolarChartLayout 
was not found in 
module [project]/node_m
odules/.pnpm/recharts@3
.6.0_@types+react_c71ee
a319abfdbd1c8aaa62b5e2b
1c92/node_modules/recha
rts/es6/context/chartLa
youtContext.js 
[app-client] 
(ecmascript).
Did you mean to import 
selectChartLayout?
All exports of the 
module are statically 
known (It doesn't have 
dynamic exports). So 
it's known statically 
that the requested 
export doesn't exist.

Import traces:
  Client Component 
Browser:
    ./node_modules/.pnp
m/recharts@3.6.0_@types
+react_c71eea319abfdbd1
c8aaa62b5e2b1c92/node_m
odules/recharts/es6/sta
te/selectors/polarAxisS
electors.js [Client 
Component Browser]
    ./node_modules/.pnp
m/recharts@3.6.0_@types
+react_c71eea319abfdbd1
c8aaa62b5e2b1c92/node_m
odules/recharts/es6/com
ponent/Label.js 
[Client Component 
Browser]
    ./node_modules/.pnp
m/recharts@3.6.0_@types
+react_c71eea319abfdbd1
c8aaa62b5e2b1c92/node_m
odules/recharts/es6/car
tesian/YAxis.js 
[Client Component 
Browser]
    ./components/dashbo
ard/financial-charts.ts
x [Client Component 
Browser]
    ./app/(app)/financi
al/page.tsx [Client 
Component Browser]
    ./app/(app)/financi
al/page.tsx [Server 
Component]

  Client Component SSR:
    ./node_modules/.pnp
m/recharts@3.6.0_@types
+react_c71eea319abfdbd1
c8aaa62b5e2b1c92/node_m
odules/recharts/es6/sta
te/selectors/polarAxisS
electors.js [Client 
Component SSR]
    ./node_modules/.pnp
m/recharts@3.6.0_@types
+react_c71eea319abfdbd1
c8aaa62b5e2b1c92/node_m
odules/recharts/es6/com
ponent/Label.js 
[Client Component SSR]
    ./node_modules/.pnp
m/recharts@3.6.0_@types
+react_c71eea319abfdbd1
c8aaa62b5e2b1c92/node_m
odules/recharts/es6/car
tesian/YAxis.js 
[Client Component SSR]
    ./components/dashbo
ard/financial-charts.ts
x [Client Component 
SSR]
    ./app/(app)/financi
al/page.tsx [Client 
Component SSR]
    ./app/(app)/financi
al/page.tsx [Server 
Component]


./node_modules/.pnpm/re
charts@3.6.0_@types+rea
ct_c71eea319abfdbd1c8aa
a62b5e2b1c92/node_modul
es/recharts/es6/state/s
electors/polarAxisSelec
tors.js:14:1
Export 
selectPolarChartLayout 
doesn't exist in 
target module
[0m [90m 12 |[39m 
[36mimport[39m { defa
ultPolarRadiusAxisProps
 } [36mfrom[39m [32m
'../../polar/defaultPol
arRadiusAxisProps'[39m
[33m;[39m
 [90m 13 |[39m 
[36mimport[39m { comb
ineAxisRangeWithReverse
 } [36mfrom[39m [32m
'./combiners/combineAxi
sRangeWithReverse'[39m
[33m;[39m
[31m[1m>[22m[39m[9
0m 14 |[39m 
[36mimport[39m { sele
ctChartLayout[33m,[39
m 
selectPolarChartLayout 
} [36mfrom[39m [32m'
../../context/chartLayo
utContext'[39m[33m;[
39m
 [90m    |[39m [31m
[1m^[22m[39m[31m[1m
^[22m[39m[31m[1m^[
22m[39m[31m[1m^[22m
[39m[31m[1m^[22m[3
9m[31m[1m^[22m[39m
[31m[1m^[22m[39m[31
m[1m^[22m[39m[31m[
1m^[22m[39m[31m[1m^
[22m[39m[31m[1m^[2
2m[39m[31m[1m^[22m
[39m[31m[1m^[22m[39
m[31m[1m^[22m[39m[
31m[1m^[22m[39m[31m
[1m^[22m[39m[31m[1
m^[22m[39m[31m[1m^
[22m[39m[31m[1m^[22
m[39m[31m[1m^[22m[
39m[31m[1m^[22m[39m
[31m[1m^[22m[39m[3
1m[1m^[22m[39m[31m
[1m^[22m[39m[31m[1m
^[22m[39m[31m[1m^[
22m[39m[31m[1m^[22m
[39m[31m[1m^[22m[3
9m[31m[1m^[22m[39m
[31m[1m^[22m[39m[31
m[1m^[22m[39m[31m[
1m^[22m[39m[31m[1m^
[22m[39m[31m[1m^[2
2m[39m[31m[1m^[22m
[39m[31m[1m^[22m[39
m[31m[1m^[22m[39m[
31m[1m^[22m[39m[31m
[1m^[22m[39m[31m[1
m^[22m[39m[31m[1m^
[22m[39m[31m[1m^[22
m[39m[31m[1m^[22m[
39m[31m[1m^[22m[39m
[31m[1m^[22m[39m[3
1m[1m^[22m[39m[31m
[1m^[22m[39m[31m[1m
^[22m[39m[31m[1m^[
22m[39m[31m[1m^[22m
[39m[31m[1m^[22m[3
9m[31m[1m^[22m[39m
[31m[1m^[22m[39m[31
m[1m^[22m[39m[31m[
1m^[22m[39m[31m[1m^
[22m[39m[31m[1m^[2
2m[39m[31m[1m^[22m
[39m[31m[1m^[22m[39
m[31m[1m^[22m[39m[
31m[1m^[22m[39m[31m
[1m^[22m[39m[31m[1
m^[22m[39m[31m[1m^
[22m[39m[31m[1m^[22
m[39m[31m[1m^[22m[
39m[31m[1m^[22m[39m
[31m[1m^[22m[39m[3
1m[1m^[22m[39m[31m
[1m^[22m[39m[31m[1m
^[22m[39m[31m[1m^[
22m[39m[31m[1m^[22m
[39m[31m[1m^[22m[3
9m[31m[1m^[22m[39m
[31m[1m^[22m[39m[31
m[1m^[22m[39m[31m[
1m^[22m[39m[31m[1m^
[22m[39m[31m[1m^[2
2m[39m[31m[1m^[22m
[39m[31m[1m^[22m[39
m[31m[1m^[22m[39m[
31m[1m^[22m[39m[31m
[1m^[22m[39m[31m[1
m^[22m[39m[31m[1m^
[22m[39m[31m[1m^[22
m[39m[31m[1m^[22m[
39m[31m[1m^[22m[39m
[31m[1m^[22m[39m[3
1m[1m^[22m[39m[31m
[1m^[22m[39m
 [90m 15 |[39m 
[36mimport[39m { getA
xisTypeBasedOnLayout } 
[36mfrom[39m [32m'..
/../util/getAxisTypeBas
edOnLayout'[39m[33m;
[39m
 [90m 16 |[39m 
[36mexport[39m 
[36mvar[39m 
implicitAngleAxis 
[33m=[39m {
 [90m 17 |[39m   allo
wDataOverflow[33m:[39
m defaultPolarAngleAxis
Props[33m.[39mallowDa
taOverflow[33m,[39m[
0m

The export 
selectPolarChartLayout 
was not found in 
module [project]/node_m
odules/.pnpm/recharts@3
.6.0_@types+react_c71ee
a319abfdbd1c8aaa62b5e2b
1c92/node_modules/recha
rts/es6/context/chartLa
youtContext.js 
[app-ssr] (ecmascript).
Did you mean to import 
selectChartLayout?
All exports of the 
module are statically 
known (It doesn't have 
dynamic exports). So 
it's known statically 
that the requested 
export doesn't exist.

Import traces:
  Client Component 
Browser:
    ./node_modules/.pnp
m/recharts@3.6.0_@types
+react_c71eea319abfdbd1
c8aaa62b5e2b1c92/node_m
odules/recharts/es6/sta
te/selectors/polarAxisS
electors.js [Client 
Component Browser]
    ./node_modules/.pnp
m/recharts@3.6.0_@types
+react_c71eea319abfdbd1
c8aaa62b5e2b1c92/node_m
odules/recharts/es6/com
ponent/Label.js 
[Client Component 
Browser]
    ./node_modules/.pnp
m/recharts@3.6.0_@types
+react_c71eea319abfdbd1
c8aaa62b5e2b1c92/node_m
odules/recharts/es6/car
tesian/YAxis.js 
[Client Component 
Browser]
    ./components/dashbo
ard/financial-charts.ts
x [Client Component 
Browser]
    ./app/(app)/financi
al/page.tsx [Client 
Component Browser]
    ./app/(app)/financi
al/page.tsx [Server 
Component]

  Client Component SSR:
    ./node_modules/.pnp
m/recharts@3.6.0_@types
+react_c71eea319abfdbd1
c8aaa62b5e2b1c92/node_m
odules/recharts/es6/sta
te/selectors/polarAxisS
electors.js [Client 
Component SSR]
    ./node_modules/.pnp
m/recharts@3.6.0_@types
+react_c71eea319abfdbd1
c8aaa62b5e2b1c92/node_m
odules/recharts/es6/com
ponent/Label.js 
[Client Component SSR]
    ./node_modules/.pnp
m/recharts@3.6.0_@types
+react_c71eea319abfdbd1
c8aaa62b5e2b1c92/node_m
odules/recharts/es6/car
tesian/YAxis.js 
[Client Component SSR]
    ./components/dashbo
ard/financial-charts.ts
x [Client Component 
SSR]
    ./app/(app)/financi
al/page.tsx [Client 
Component SSR]
    ./app/(app)/financi
al/page.tsx [Server 
Component]


    at ignore-listed 
frames
ΓÇëELIFECYCLEΓÇë Command failed with exit code 1.
