app/(app)/employees/[id]/page.tsx(341,59): error TS2339: Property 'baseSalary' does not exist on type '{ id: string; createdAt: Date; updatedAt: Date; employeeId: string; baseSalaryInCents: number; notes: string | null; admissionDate: Date; terminationDate: Date | null; ... 7 more ...; hasSignedEpiReceipt: boolean; }'.
app/(app)/employees/[id]/page.tsx(400,88): error TS2339: Property 'amount' does not exist on type '{ id: string; employeeId: string; date: Date; note: string | null; amountInCents: number; payrollReference: string | null; transactionId: string | null; } & { transaction?: { id: string; ... 12 more ...; rhPaymentId: string | null; } | undefined; }'.
app/(app)/employees/[id]/page.tsx(448,45): error TS2339: Property 'baseSalary' does not exist on type '{ id: string; createdAt: Date; updatedAt: Date; employeeId: string; baseSalaryInCents: number; notes: string | null; admissionDate: Date; terminationDate: Date | null; ... 7 more ...; hasSignedEpiReceipt: boolean; }'.
app/(app)/employees/[id]/page.tsx(484,48): error TS2339: Property 'amount' does not exist on type '{ id: string; employeeId: string; date: Date; note: string | null; amountInCents: number; payrollReference: string | null; transactionId: string | null; } & { transaction?: { id: string; ... 12 more ...; rhPaymentId: string | null; } | undefined; }'.
app/(app)/planting/expenses/page.tsx(186,21): error TS2322: Type 'Control<{ date: string; frontId: string; itemDescription: string; quantity: number; unitValue: number; vehicleId?: string | undefined; invoiceNumber?: string | undefined; }, any, TFieldValues>' is not assignable to type 'Control<{ date: string; frontId: string; itemDescription: string; quantity: number; unitValue: number; vehicleId?: string | undefined; invoiceNumber?: string | undefined; }, any, { date: string; ... 5 more ...; invoiceNumber?: string | undefined; }>'.
  The types of '_options.resolver' are incompatible between these types.
    Type 'Resolver<{ date: string; frontId: string; itemDescription: string; quantity: number; unitValue: number; vehicleId?: string | undefined; invoiceNumber?: string | undefined; }, any, TFieldValues> | undefined' is not assignable to type 'Resolver<{ date: string; frontId: string; itemDescription: string; quantity: number; unitValue: number; vehicleId?: string | undefined; invoiceNumber?: string | undefined; }, any, { date: string; ... 5 more ...; invoiceNumber?: string | undefined; }> | undefined'.
      Type 'Resolver<{ date: string; frontId: string; itemDescription: string; quantity: number; unitValue: number; vehicleId?: string | undefined; invoiceNumber?: string | undefined; }, any, TFieldValues>' is not assignable to type 'Resolver<{ date: string; frontId: string; itemDescription: string; quantity: number; unitValue: number; vehicleId?: string | undefined; invoiceNumber?: string | undefined; }, any, { date: string; ... 5 more ...; invoiceNumber?: string | undefined; }>'.
        Type 'ResolverResult<{ date: string; frontId: string; itemDescription: string; quantity: number; unitValue: number; vehicleId?: string | undefined; invoiceNumber?: string | undefined; }, TFieldValues> | Promise<...>' is not assignable to type 'ResolverResult<{ date: string; frontId: string; itemDescription: string; quantity: number; unitValue: number; vehicleId?: string | undefined; invoiceNumber?: string | undefined; }, { date: string; frontId: string; ... 4 more ...; invoiceNumber?: string | undefined; }> | Promise<...>'.
          Type 'ResolverSuccess<TFieldValues>' is not assignable to type 'ResolverResult<{ date: string; frontId: string; itemDescription: string; quantity: number; unitValue: number; vehicleId?: string | undefined; invoiceNumber?: string | undefined; }, { date: string; frontId: string; ... 4 more ...; invoiceNumber?: string | undefined; }> | Promise<...>'.
            Type 'ResolverSuccess<TFieldValues>' is not assignable to type 'ResolverSuccess<{ date: string; frontId: string; itemDescription: string; quantity: number; unitValue: number; vehicleId?: string | undefined; invoiceNumber?: string | undefined; }>'.
              Type 'TFieldValues' is not assignable to type '{ date: string; frontId: string; itemDescription: string; quantity: number; unitValue: number; vehicleId?: string | undefined; invoiceNumber?: string | undefined; }'.
                Type 'FieldValues' is missing the following properties from type '{ date: string; frontId: string; itemDescription: string; quantity: number; unitValue: number; vehicleId?: string | undefined; invoiceNumber?: string | undefined; }': date, frontId, itemDescription, quantity, unitValue
app/(app)/planting/expenses/page.tsx(202,21): error TS2322: Type 'Control<{ date: string; frontId: string; itemDescription: string; quantity: number; unitValue: number; vehicleId?: string | undefined; invoiceNumber?: string | undefined; }, any, TFieldValues>' is not assignable to type 'Control<{ date: string; frontId: string; itemDescription: string; quantity: number; unitValue: number; vehicleId?: string | undefined; invoiceNumber?: string | undefined; }, any, { date: string; ... 5 more ...; invoiceNumber?: string | undefined; }>'.
  The types of '_options.resolver' are incompatible between these types.
    Type 'Resolver<{ date: string; frontId: string; itemDescription: string; quantity: number; unitValue: number; vehicleId?: string | undefined; invoiceNumber?: string | undefined; }, any, TFieldValues> | undefined' is not assignable to type 'Resolver<{ date: string; frontId: string; itemDescription: string; quantity: number; unitValue: number; vehicleId?: string | undefined; invoiceNumber?: string | undefined; }, any, { date: string; ... 5 more ...; invoiceNumber?: string | undefined; }> | undefined'.
      Type 'Resolver<{ date: string; frontId: string; itemDescription: string; quantity: number; unitValue: number; vehicleId?: string | undefined; invoiceNumber?: string | undefined; }, any, TFieldValues>' is not assignable to type 'Resolver<{ date: string; frontId: string; itemDescription: string; quantity: number; unitValue: number; vehicleId?: string | undefined; invoiceNumber?: string | undefined; }, any, { date: string; ... 5 more ...; invoiceNumber?: string | undefined; }>'.
        Type 'ResolverResult<{ date: string; frontId: string; itemDescription: string; quantity: number; unitValue: number; vehicleId?: string | undefined; invoiceNumber?: string | undefined; }, TFieldValues> | Promise<...>' is not assignable to type 'ResolverResult<{ date: string; frontId: string; itemDescription: string; quantity: number; unitValue: number; vehicleId?: string | undefined; invoiceNumber?: string | undefined; }, { date: string; frontId: string; ... 4 more ...; invoiceNumber?: string | undefined; }> | Promise<...>'.
          Type 'ResolverSuccess<TFieldValues>' is not assignable to type 'ResolverResult<{ date: string; frontId: string; itemDescription: string; quantity: number; unitValue: number; vehicleId?: string | undefined; invoiceNumber?: string | undefined; }, { date: string; frontId: string; ... 4 more ...; invoiceNumber?: string | undefined; }> | Promise<...>'.
            Type 'ResolverSuccess<TFieldValues>' is not assignable to type 'ResolverSuccess<{ date: string; frontId: string; itemDescription: string; quantity: number; unitValue: number; vehicleId?: string | undefined; invoiceNumber?: string | undefined; }>'.
              Type 'TFieldValues' is not assignable to type '{ date: string; frontId: string; itemDescription: string; quantity: number; unitValue: number; vehicleId?: string | undefined; invoiceNumber?: string | undefined; }'.
                Type 'FieldValues' is missing the following properties from type '{ date: string; frontId: string; itemDescription: string; quantity: number; unitValue: number; vehicleId?: string | undefined; invoiceNumber?: string | undefined; }': date, frontId, itemDescription, quantity, unitValue
app/(app)/planting/expenses/page.tsx(227,21): error TS2322: Type 'Control<{ date: string; frontId: string; itemDescription: string; quantity: number; unitValue: number; vehicleId?: string | undefined; invoiceNumber?: string | undefined; }, any, TFieldValues>' is not assignable to type 'Control<{ date: string; frontId: string; itemDescription: string; quantity: number; unitValue: number; vehicleId?: string | undefined; invoiceNumber?: string | undefined; }, any, { date: string; ... 5 more ...; invoiceNumber?: string | undefined; }>'.
  The types of '_options.resolver' are incompatible between these types.
    Type 'Resolver<{ date: string; frontId: string; itemDescription: string; quantity: number; unitValue: number; vehicleId?: string | undefined; invoiceNumber?: string | undefined; }, any, TFieldValues> | undefined' is not assignable to type 'Resolver<{ date: string; frontId: string; itemDescription: string; quantity: number; unitValue: number; vehicleId?: string | undefined; invoiceNumber?: string | undefined; }, any, { date: string; ... 5 more ...; invoiceNumber?: string | undefined; }> | undefined'.
      Type 'Resolver<{ date: string; frontId: string; itemDescription: string; quantity: number; unitValue: number; vehicleId?: string | undefined; invoiceNumber?: string | undefined; }, any, TFieldValues>' is not assignable to type 'Resolver<{ date: string; frontId: string; itemDescription: string; quantity: number; unitValue: number; vehicleId?: string | undefined; invoiceNumber?: string | undefined; }, any, { date: string; ... 5 more ...; invoiceNumber?: string | undefined; }>'.
        Type 'ResolverResult<{ date: string; frontId: string; itemDescription: string; quantity: number; unitValue: number; vehicleId?: string | undefined; invoiceNumber?: string | undefined; }, TFieldValues> | Promise<...>' is not assignable to type 'ResolverResult<{ date: string; frontId: string; itemDescription: string; quantity: number; unitValue: number; vehicleId?: string | undefined; invoiceNumber?: string | undefined; }, { date: string; frontId: string; ... 4 more ...; invoiceNumber?: string | undefined; }> | Promise<...>'.
          Type 'ResolverSuccess<TFieldValues>' is not assignable to type 'ResolverResult<{ date: string; frontId: string; itemDescription: string; quantity: number; unitValue: number; vehicleId?: string | undefined; invoiceNumber?: string | undefined; }, { date: string; frontId: string; ... 4 more ...; invoiceNumber?: string | undefined; }> | Promise<...>'.
            Type 'ResolverSuccess<TFieldValues>' is not assignable to type 'ResolverSuccess<{ date: string; frontId: string; itemDescription: string; quantity: number; unitValue: number; vehicleId?: string | undefined; invoiceNumber?: string | undefined; }>'.
              Type 'TFieldValues' is not assignable to type '{ date: string; frontId: string; itemDescription: string; quantity: number; unitValue: number; vehicleId?: string | undefined; invoiceNumber?: string | undefined; }'.
                Type 'FieldValues' is missing the following properties from type '{ date: string; frontId: string; itemDescription: string; quantity: number; unitValue: number; vehicleId?: string | undefined; invoiceNumber?: string | undefined; }': date, frontId, itemDescription, quantity, unitValue
app/(app)/planting/expenses/page.tsx(243,21): error TS2322: Type 'Control<{ date: string; frontId: string; itemDescription: string; quantity: number; unitValue: number; vehicleId?: string | undefined; invoiceNumber?: string | undefined; }, any, TFieldValues>' is not assignable to type 'Control<{ date: string; frontId: string; itemDescription: string; quantity: number; unitValue: number; vehicleId?: string | undefined; invoiceNumber?: string | undefined; }, any, { date: string; ... 5 more ...; invoiceNumber?: string | undefined; }>'.
  The types of '_options.resolver' are incompatible between these types.
    Type 'Resolver<{ date: string; frontId: string; itemDescription: string; quantity: number; unitValue: number; vehicleId?: string | undefined; invoiceNumber?: string | undefined; }, any, TFieldValues> | undefined' is not assignable to type 'Resolver<{ date: string; frontId: string; itemDescription: string; quantity: number; unitValue: number; vehicleId?: string | undefined; invoiceNumber?: string | undefined; }, any, { date: string; ... 5 more ...; invoiceNumber?: string | undefined; }> | undefined'.
      Type 'Resolver<{ date: string; frontId: string; itemDescription: string; quantity: number; unitValue: number; vehicleId?: string | undefined; invoiceNumber?: string | undefined; }, any, TFieldValues>' is not assignable to type 'Resolver<{ date: string; frontId: string; itemDescription: string; quantity: number; unitValue: number; vehicleId?: string | undefined; invoiceNumber?: string | undefined; }, any, { date: string; ... 5 more ...; invoiceNumber?: string | undefined; }>'.
        Type 'ResolverResult<{ date: string; frontId: string; itemDescription: string; quantity: number; unitValue: number; vehicleId?: string | undefined; invoiceNumber?: string | undefined; }, TFieldValues> | Promise<...>' is not assignable to type 'ResolverResult<{ date: string; frontId: string; itemDescription: string; quantity: number; unitValue: number; vehicleId?: string | undefined; invoiceNumber?: string | undefined; }, { date: string; frontId: string; ... 4 more ...; invoiceNumber?: string | undefined; }> | Promise<...>'.
          Type 'ResolverSuccess<TFieldValues>' is not assignable to type 'ResolverResult<{ date: string; frontId: string; itemDescription: string; quantity: number; unitValue: number; vehicleId?: string | undefined; invoiceNumber?: string | undefined; }, { date: string; frontId: string; ... 4 more ...; invoiceNumber?: string | undefined; }> | Promise<...>'.
            Type 'ResolverSuccess<TFieldValues>' is not assignable to type 'ResolverSuccess<{ date: string; frontId: string; itemDescription: string; quantity: number; unitValue: number; vehicleId?: string | undefined; invoiceNumber?: string | undefined; }>'.
              Type 'TFieldValues' is not assignable to type '{ date: string; frontId: string; itemDescription: string; quantity: number; unitValue: number; vehicleId?: string | undefined; invoiceNumber?: string | undefined; }'.
                Type 'FieldValues' is missing the following properties from type '{ date: string; frontId: string; itemDescription: string; quantity: number; unitValue: number; vehicleId?: string | undefined; invoiceNumber?: string | undefined; }': date, frontId, itemDescription, quantity, unitValue
app/(app)/planting/expenses/page.tsx(259,21): error TS2322: Type 'Control<{ date: string; frontId: string; itemDescription: string; quantity: number; unitValue: number; vehicleId?: string | undefined; invoiceNumber?: string | undefined; }, any, TFieldValues>' is not assignable to type 'Control<{ date: string; frontId: string; itemDescription: string; quantity: number; unitValue: number; vehicleId?: string | undefined; invoiceNumber?: string | undefined; }, any, { date: string; ... 5 more ...; invoiceNumber?: string | undefined; }>'.
  The types of '_options.resolver' are incompatible between these types.
    Type 'Resolver<{ date: string; frontId: string; itemDescription: string; quantity: number; unitValue: number; vehicleId?: string | undefined; invoiceNumber?: string | undefined; }, any, TFieldValues> | undefined' is not assignable to type 'Resolver<{ date: string; frontId: string; itemDescription: string; quantity: number; unitValue: number; vehicleId?: string | undefined; invoiceNumber?: string | undefined; }, any, { date: string; ... 5 more ...; invoiceNumber?: string | undefined; }> | undefined'.
      Type 'Resolver<{ date: string; frontId: string; itemDescription: string; quantity: number; unitValue: number; vehicleId?: string | undefined; invoiceNumber?: string | undefined; }, any, TFieldValues>' is not assignable to type 'Resolver<{ date: string; frontId: string; itemDescription: string; quantity: number; unitValue: number; vehicleId?: string | undefined; invoiceNumber?: string | undefined; }, any, { date: string; ... 5 more ...; invoiceNumber?: string | undefined; }>'.
        Type 'ResolverResult<{ date: string; frontId: string; itemDescription: string; quantity: number; unitValue: number; vehicleId?: string | undefined; invoiceNumber?: string | undefined; }, TFieldValues> | Promise<...>' is not assignable to type 'ResolverResult<{ date: string; frontId: string; itemDescription: string; quantity: number; unitValue: number; vehicleId?: string | undefined; invoiceNumber?: string | undefined; }, { date: string; frontId: string; ... 4 more ...; invoiceNumber?: string | undefined; }> | Promise<...>'.
          Type 'ResolverSuccess<TFieldValues>' is not assignable to type 'ResolverResult<{ date: string; frontId: string; itemDescription: string; quantity: number; unitValue: number; vehicleId?: string | undefined; invoiceNumber?: string | undefined; }, { date: string; frontId: string; ... 4 more ...; invoiceNumber?: string | undefined; }> | Promise<...>'.
            Type 'ResolverSuccess<TFieldValues>' is not assignable to type 'ResolverSuccess<{ date: string; frontId: string; itemDescription: string; quantity: number; unitValue: number; vehicleId?: string | undefined; invoiceNumber?: string | undefined; }>'.
              Type 'TFieldValues' is not assignable to type '{ date: string; frontId: string; itemDescription: string; quantity: number; unitValue: number; vehicleId?: string | undefined; invoiceNumber?: string | undefined; }'.
                Type 'FieldValues' is missing the following properties from type '{ date: string; frontId: string; itemDescription: string; quantity: number; unitValue: number; vehicleId?: string | undefined; invoiceNumber?: string | undefined; }': date, frontId, itemDescription, quantity, unitValue
app/(app)/planting/expenses/page.tsx(286,23): error TS2322: Type 'Control<{ date: string; frontId: string; itemDescription: string; quantity: number; unitValue: number; vehicleId?: string | undefined; invoiceNumber?: string | undefined; }, any, TFieldValues>' is not assignable to type 'Control<{ date: string; frontId: string; itemDescription: string; quantity: number; unitValue: number; vehicleId?: string | undefined; invoiceNumber?: string | undefined; }, any, { date: string; ... 5 more ...; invoiceNumber?: string | undefined; }>'.
  The types of '_options.resolver' are incompatible between these types.
    Type 'Resolver<{ date: string; frontId: string; itemDescription: string; quantity: number; unitValue: number; vehicleId?: string | undefined; invoiceNumber?: string | undefined; }, any, TFieldValues> | undefined' is not assignable to type 'Resolver<{ date: string; frontId: string; itemDescription: string; quantity: number; unitValue: number; vehicleId?: string | undefined; invoiceNumber?: string | undefined; }, any, { date: string; ... 5 more ...; invoiceNumber?: string | undefined; }> | undefined'.
      Type 'Resolver<{ date: string; frontId: string; itemDescription: string; quantity: number; unitValue: number; vehicleId?: string | undefined; invoiceNumber?: string | undefined; }, any, TFieldValues>' is not assignable to type 'Resolver<{ date: string; frontId: string; itemDescription: string; quantity: number; unitValue: number; vehicleId?: string | undefined; invoiceNumber?: string | undefined; }, any, { date: string; ... 5 more ...; invoiceNumber?: string | undefined; }>'.
        Type 'ResolverResult<{ date: string; frontId: string; itemDescription: string; quantity: number; unitValue: number; vehicleId?: string | undefined; invoiceNumber?: string | undefined; }, TFieldValues> | Promise<...>' is not assignable to type 'ResolverResult<{ date: string; frontId: string; itemDescription: string; quantity: number; unitValue: number; vehicleId?: string | undefined; invoiceNumber?: string | undefined; }, { date: string; frontId: string; ... 4 more ...; invoiceNumber?: string | undefined; }> | Promise<...>'.
          Type 'ResolverSuccess<TFieldValues>' is not assignable to type 'ResolverResult<{ date: string; frontId: string; itemDescription: string; quantity: number; unitValue: number; vehicleId?: string | undefined; invoiceNumber?: string | undefined; }, { date: string; frontId: string; ... 4 more ...; invoiceNumber?: string | undefined; }> | Promise<...>'.
            Type 'ResolverSuccess<TFieldValues>' is not assignable to type 'ResolverSuccess<{ date: string; frontId: string; itemDescription: string; quantity: number; unitValue: number; vehicleId?: string | undefined; invoiceNumber?: string | undefined; }>'.
              Type 'TFieldValues' is not assignable to type '{ date: string; frontId: string; itemDescription: string; quantity: number; unitValue: number; vehicleId?: string | undefined; invoiceNumber?: string | undefined; }'.
                Type 'FieldValues' is missing the following properties from type '{ date: string; frontId: string; itemDescription: string; quantity: number; unitValue: number; vehicleId?: string | undefined; invoiceNumber?: string | undefined; }': date, frontId, itemDescription, quantity, unitValue
app/(app)/planting/expenses/page.tsx(299,23): error TS2322: Type 'Control<{ date: string; frontId: string; itemDescription: string; quantity: number; unitValue: number; vehicleId?: string | undefined; invoiceNumber?: string | undefined; }, any, TFieldValues>' is not assignable to type 'Control<{ date: string; frontId: string; itemDescription: string; quantity: number; unitValue: number; vehicleId?: string | undefined; invoiceNumber?: string | undefined; }, any, { date: string; ... 5 more ...; invoiceNumber?: string | undefined; }>'.
  The types of '_options.resolver' are incompatible between these types.
    Type 'Resolver<{ date: string; frontId: string; itemDescription: string; quantity: number; unitValue: number; vehicleId?: string | undefined; invoiceNumber?: string | undefined; }, any, TFieldValues> | undefined' is not assignable to type 'Resolver<{ date: string; frontId: string; itemDescription: string; quantity: number; unitValue: number; vehicleId?: string | undefined; invoiceNumber?: string | undefined; }, any, { date: string; ... 5 more ...; invoiceNumber?: string | undefined; }> | undefined'.
      Type 'Resolver<{ date: string; frontId: string; itemDescription: string; quantity: number; unitValue: number; vehicleId?: string | undefined; invoiceNumber?: string | undefined; }, any, TFieldValues>' is not assignable to type 'Resolver<{ date: string; frontId: string; itemDescription: string; quantity: number; unitValue: number; vehicleId?: string | undefined; invoiceNumber?: string | undefined; }, any, { date: string; ... 5 more ...; invoiceNumber?: string | undefined; }>'.
        Type 'ResolverResult<{ date: string; frontId: string; itemDescription: string; quantity: number; unitValue: number; vehicleId?: string | undefined; invoiceNumber?: string | undefined; }, TFieldValues> | Promise<...>' is not assignable to type 'ResolverResult<{ date: string; frontId: string; itemDescription: string; quantity: number; unitValue: number; vehicleId?: string | undefined; invoiceNumber?: string | undefined; }, { date: string; frontId: string; ... 4 more ...; invoiceNumber?: string | undefined; }> | Promise<...>'.
          Type 'ResolverSuccess<TFieldValues>' is not assignable to type 'ResolverResult<{ date: string; frontId: string; itemDescription: string; quantity: number; unitValue: number; vehicleId?: string | undefined; invoiceNumber?: string | undefined; }, { date: string; frontId: string; ... 4 more ...; invoiceNumber?: string | undefined; }> | Promise<...>'.
            Type 'ResolverSuccess<TFieldValues>' is not assignable to type 'ResolverSuccess<{ date: string; frontId: string; itemDescription: string; quantity: number; unitValue: number; vehicleId?: string | undefined; invoiceNumber?: string | undefined; }>'.
              Type 'TFieldValues' is not assignable to type '{ date: string; frontId: string; itemDescription: string; quantity: number; unitValue: number; vehicleId?: string | undefined; invoiceNumber?: string | undefined; }'.
                Type 'FieldValues' is missing the following properties from type '{ date: string; frontId: string; itemDescription: string; quantity: number; unitValue: number; vehicleId?: string | undefined; invoiceNumber?: string | undefined; }': date, frontId, itemDescription, quantity, unitValue
app/(app)/planting/seasons/page.tsx(174,34): error TS2322: Type 'Control<{ name: string; startDate: string; active: boolean; id?: string | undefined; endDate?: string | undefined; totalArea?: number | undefined; notes?: string | undefined; }, any, TFieldValues>' is not assignable to type 'Control<{ name: string; startDate: string; active: boolean; id?: string | undefined; endDate?: string | undefined; totalArea?: number | undefined; notes?: string | undefined; }, any, { name: string; ... 5 more ...; notes?: string | undefined; }>'.
  The types of '_options.resolver' are incompatible between these types.
    Type 'Resolver<{ name: string; startDate: string; active: boolean; id?: string | undefined; endDate?: string | undefined; totalArea?: number | undefined; notes?: string | undefined; }, any, TFieldValues> | undefined' is not assignable to type 'Resolver<{ name: string; startDate: string; active: boolean; id?: string | undefined; endDate?: string | undefined; totalArea?: number | undefined; notes?: string | undefined; }, any, { name: string; ... 5 more ...; notes?: string | undefined; }> | undefined'.
      Type 'Resolver<{ name: string; startDate: string; active: boolean; id?: string | undefined; endDate?: string | undefined; totalArea?: number | undefined; notes?: string | undefined; }, any, TFieldValues>' is not assignable to type 'Resolver<{ name: string; startDate: string; active: boolean; id?: string | undefined; endDate?: string | undefined; totalArea?: number | undefined; notes?: string | undefined; }, any, { name: string; ... 5 more ...; notes?: string | undefined; }>'.
        Type 'ResolverResult<{ name: string; startDate: string; active: boolean; id?: string | undefined; endDate?: string | undefined; totalArea?: number | undefined; notes?: string | undefined; }, TFieldValues> | Promise<...>' is not assignable to type 'ResolverResult<{ name: string; startDate: string; active: boolean; id?: string | undefined; endDate?: string | undefined; totalArea?: number | undefined; notes?: string | undefined; }, { name: string; ... 5 more ...; notes?: string | undefined; }> | Promise<...>'.
          Type 'ResolverSuccess<TFieldValues>' is not assignable to type 'ResolverResult<{ name: string; startDate: string; active: boolean; id?: string | undefined; endDate?: string | undefined; totalArea?: number | undefined; notes?: string | undefined; }, { name: string; ... 5 more ...; notes?: string | undefined; }> | Promise<...>'.
            Type 'ResolverSuccess<TFieldValues>' is not assignable to type 'ResolverSuccess<{ name: string; startDate: string; active: boolean; id?: string | undefined; endDate?: string | undefined; totalArea?: number | undefined; notes?: string | undefined; }>'.
              Type 'TFieldValues' is not assignable to type '{ name: string; startDate: string; active: boolean; id?: string | undefined; endDate?: string | undefined; totalArea?: number | undefined; notes?: string | undefined; }'.
                Type 'FieldValues' is missing the following properties from type '{ name: string; startDate: string; active: boolean; id?: string | undefined; endDate?: string | undefined; totalArea?: number | undefined; notes?: string | undefined; }': name, startDate, active
app/(app)/planting/seasons/page.tsx(185,34): error TS2322: Type 'Control<{ name: string; startDate: string; active: boolean; id?: string | undefined; endDate?: string | undefined; totalArea?: number | undefined; notes?: string | undefined; }, any, TFieldValues>' is not assignable to type 'Control<{ name: string; startDate: string; active: boolean; id?: string | undefined; endDate?: string | undefined; totalArea?: number | undefined; notes?: string | undefined; }, any, { name: string; ... 5 more ...; notes?: string | undefined; }>'.
  The types of '_options.resolver' are incompatible between these types.
    Type 'Resolver<{ name: string; startDate: string; active: boolean; id?: string | undefined; endDate?: string | undefined; totalArea?: number | undefined; notes?: string | undefined; }, any, TFieldValues> | undefined' is not assignable to type 'Resolver<{ name: string; startDate: string; active: boolean; id?: string | undefined; endDate?: string | undefined; totalArea?: number | undefined; notes?: string | undefined; }, any, { name: string; ... 5 more ...; notes?: string | undefined; }> | undefined'.
      Type 'Resolver<{ name: string; startDate: string; active: boolean; id?: string | undefined; endDate?: string | undefined; totalArea?: number | undefined; notes?: string | undefined; }, any, TFieldValues>' is not assignable to type 'Resolver<{ name: string; startDate: string; active: boolean; id?: string | undefined; endDate?: string | undefined; totalArea?: number | undefined; notes?: string | undefined; }, any, { name: string; ... 5 more ...; notes?: string | undefined; }>'.
        Type 'ResolverResult<{ name: string; startDate: string; active: boolean; id?: string | undefined; endDate?: string | undefined; totalArea?: number | undefined; notes?: string | undefined; }, TFieldValues> | Promise<...>' is not assignable to type 'ResolverResult<{ name: string; startDate: string; active: boolean; id?: string | undefined; endDate?: string | undefined; totalArea?: number | undefined; notes?: string | undefined; }, { name: string; ... 5 more ...; notes?: string | undefined; }> | Promise<...>'.
          Type 'ResolverSuccess<TFieldValues>' is not assignable to type 'ResolverResult<{ name: string; startDate: string; active: boolean; id?: string | undefined; endDate?: string | undefined; totalArea?: number | undefined; notes?: string | undefined; }, { name: string; ... 5 more ...; notes?: string | undefined; }> | Promise<...>'.
            Type 'ResolverSuccess<TFieldValues>' is not assignable to type 'ResolverSuccess<{ name: string; startDate: string; active: boolean; id?: string | undefined; endDate?: string | undefined; totalArea?: number | undefined; notes?: string | undefined; }>'.
              Type 'TFieldValues' is not assignable to type '{ name: string; startDate: string; active: boolean; id?: string | undefined; endDate?: string | undefined; totalArea?: number | undefined; notes?: string | undefined; }'.
                Type 'FieldValues' is missing the following properties from type '{ name: string; startDate: string; active: boolean; id?: string | undefined; endDate?: string | undefined; totalArea?: number | undefined; notes?: string | undefined; }': name, startDate, active
app/(app)/planting/seasons/page.tsx(196,34): error TS2322: Type 'Control<{ name: string; startDate: string; active: boolean; id?: string | undefined; endDate?: string | undefined; totalArea?: number | undefined; notes?: string | undefined; }, any, TFieldValues>' is not assignable to type 'Control<{ name: string; startDate: string; active: boolean; id?: string | undefined; endDate?: string | undefined; totalArea?: number | undefined; notes?: string | undefined; }, any, { name: string; ... 5 more ...; notes?: string | undefined; }>'.
  The types of '_options.resolver' are incompatible between these types.
    Type 'Resolver<{ name: string; startDate: string; active: boolean; id?: string | undefined; endDate?: string | undefined; totalArea?: number | undefined; notes?: string | undefined; }, any, TFieldValues> | undefined' is not assignable to type 'Resolver<{ name: string; startDate: string; active: boolean; id?: string | undefined; endDate?: string | undefined; totalArea?: number | undefined; notes?: string | undefined; }, any, { name: string; ... 5 more ...; notes?: string | undefined; }> | undefined'.
      Type 'Resolver<{ name: string; startDate: string; active: boolean; id?: string | undefined; endDate?: string | undefined; totalArea?: number | undefined; notes?: string | undefined; }, any, TFieldValues>' is not assignable to type 'Resolver<{ name: string; startDate: string; active: boolean; id?: string | undefined; endDate?: string | undefined; totalArea?: number | undefined; notes?: string | undefined; }, any, { name: string; ... 5 more ...; notes?: string | undefined; }>'.
        Type 'ResolverResult<{ name: string; startDate: string; active: boolean; id?: string | undefined; endDate?: string | undefined; totalArea?: number | undefined; notes?: string | undefined; }, TFieldValues> | Promise<...>' is not assignable to type 'ResolverResult<{ name: string; startDate: string; active: boolean; id?: string | undefined; endDate?: string | undefined; totalArea?: number | undefined; notes?: string | undefined; }, { name: string; ... 5 more ...; notes?: string | undefined; }> | Promise<...>'.
          Type 'ResolverSuccess<TFieldValues>' is not assignable to type 'ResolverResult<{ name: string; startDate: string; active: boolean; id?: string | undefined; endDate?: string | undefined; totalArea?: number | undefined; notes?: string | undefined; }, { name: string; ... 5 more ...; notes?: string | undefined; }> | Promise<...>'.
            Type 'ResolverSuccess<TFieldValues>' is not assignable to type 'ResolverSuccess<{ name: string; startDate: string; active: boolean; id?: string | undefined; endDate?: string | undefined; totalArea?: number | undefined; notes?: string | undefined; }>'.
              Type 'TFieldValues' is not assignable to type '{ name: string; startDate: string; active: boolean; id?: string | undefined; endDate?: string | undefined; totalArea?: number | undefined; notes?: string | undefined; }'.
                Type 'FieldValues' is missing the following properties from type '{ name: string; startDate: string; active: boolean; id?: string | undefined; endDate?: string | undefined; totalArea?: number | undefined; notes?: string | undefined; }': name, startDate, active
app/(app)/planting/seasons/page.tsx(207,34): error TS2322: Type 'Control<{ name: string; startDate: string; active: boolean; id?: string | undefined; endDate?: string | undefined; totalArea?: number | undefined; notes?: string | undefined; }, any, TFieldValues>' is not assignable to type 'Control<{ name: string; startDate: string; active: boolean; id?: string | undefined; endDate?: string | undefined; totalArea?: number | undefined; notes?: string | undefined; }, any, { name: string; ... 5 more ...; notes?: string | undefined; }>'.
  The types of '_options.resolver' are incompatible between these types.
    Type 'Resolver<{ name: string; startDate: string; active: boolean; id?: string | undefined; endDate?: string | undefined; totalArea?: number | undefined; notes?: string | undefined; }, any, TFieldValues> | undefined' is not assignable to type 'Resolver<{ name: string; startDate: string; active: boolean; id?: string | undefined; endDate?: string | undefined; totalArea?: number | undefined; notes?: string | undefined; }, any, { name: string; ... 5 more ...; notes?: string | undefined; }> | undefined'.
      Type 'Resolver<{ name: string; startDate: string; active: boolean; id?: string | undefined; endDate?: string | undefined; totalArea?: number | undefined; notes?: string | undefined; }, any, TFieldValues>' is not assignable to type 'Resolver<{ name: string; startDate: string; active: boolean; id?: string | undefined; endDate?: string | undefined; totalArea?: number | undefined; notes?: string | undefined; }, any, { name: string; ... 5 more ...; notes?: string | undefined; }>'.
        Type 'ResolverResult<{ name: string; startDate: string; active: boolean; id?: string | undefined; endDate?: string | undefined; totalArea?: number | undefined; notes?: string | undefined; }, TFieldValues> | Promise<...>' is not assignable to type 'ResolverResult<{ name: string; startDate: string; active: boolean; id?: string | undefined; endDate?: string | undefined; totalArea?: number | undefined; notes?: string | undefined; }, { name: string; ... 5 more ...; notes?: string | undefined; }> | Promise<...>'.
          Type 'ResolverSuccess<TFieldValues>' is not assignable to type 'ResolverResult<{ name: string; startDate: string; active: boolean; id?: string | undefined; endDate?: string | undefined; totalArea?: number | undefined; notes?: string | undefined; }, { name: string; ... 5 more ...; notes?: string | undefined; }> | Promise<...>'.
            Type 'ResolverSuccess<TFieldValues>' is not assignable to type 'ResolverSuccess<{ name: string; startDate: string; active: boolean; id?: string | undefined; endDate?: string | undefined; totalArea?: number | undefined; notes?: string | undefined; }>'.
              Type 'TFieldValues' is not assignable to type '{ name: string; startDate: string; active: boolean; id?: string | undefined; endDate?: string | undefined; totalArea?: number | undefined; notes?: string | undefined; }'.
                Type 'FieldValues' is missing the following properties from type '{ name: string; startDate: string; active: boolean; id?: string | undefined; endDate?: string | undefined; totalArea?: number | undefined; notes?: string | undefined; }': name, startDate, active
app/(app)/planting/seasons/page.tsx(218,34): error TS2322: Type 'Control<{ name: string; startDate: string; active: boolean; id?: string | undefined; endDate?: string | undefined; totalArea?: number | undefined; notes?: string | undefined; }, any, TFieldValues>' is not assignable to type 'Control<{ name: string; startDate: string; active: boolean; id?: string | undefined; endDate?: string | undefined; totalArea?: number | undefined; notes?: string | undefined; }, any, { name: string; ... 5 more ...; notes?: string | undefined; }>'.
  The types of '_options.resolver' are incompatible between these types.
    Type 'Resolver<{ name: string; startDate: string; active: boolean; id?: string | undefined; endDate?: string | undefined; totalArea?: number | undefined; notes?: string | undefined; }, any, TFieldValues> | undefined' is not assignable to type 'Resolver<{ name: string; startDate: string; active: boolean; id?: string | undefined; endDate?: string | undefined; totalArea?: number | undefined; notes?: string | undefined; }, any, { name: string; ... 5 more ...; notes?: string | undefined; }> | undefined'.
      Type 'Resolver<{ name: string; startDate: string; active: boolean; id?: string | undefined; endDate?: string | undefined; totalArea?: number | undefined; notes?: string | undefined; }, any, TFieldValues>' is not assignable to type 'Resolver<{ name: string; startDate: string; active: boolean; id?: string | undefined; endDate?: string | undefined; totalArea?: number | undefined; notes?: string | undefined; }, any, { name: string; ... 5 more ...; notes?: string | undefined; }>'.
        Type 'ResolverResult<{ name: string; startDate: string; active: boolean; id?: string | undefined; endDate?: string | undefined; totalArea?: number | undefined; notes?: string | undefined; }, TFieldValues> | Promise<...>' is not assignable to type 'ResolverResult<{ name: string; startDate: string; active: boolean; id?: string | undefined; endDate?: string | undefined; totalArea?: number | undefined; notes?: string | undefined; }, { name: string; ... 5 more ...; notes?: string | undefined; }> | Promise<...>'.
          Type 'ResolverSuccess<TFieldValues>' is not assignable to type 'ResolverResult<{ name: string; startDate: string; active: boolean; id?: string | undefined; endDate?: string | undefined; totalArea?: number | undefined; notes?: string | undefined; }, { name: string; ... 5 more ...; notes?: string | undefined; }> | Promise<...>'.
            Type 'ResolverSuccess<TFieldValues>' is not assignable to type 'ResolverSuccess<{ name: string; startDate: string; active: boolean; id?: string | undefined; endDate?: string | undefined; totalArea?: number | undefined; notes?: string | undefined; }>'.
              Type 'TFieldValues' is not assignable to type '{ name: string; startDate: string; active: boolean; id?: string | undefined; endDate?: string | undefined; totalArea?: number | undefined; notes?: string | undefined; }'.
                Type 'FieldValues' is missing the following properties from type '{ name: string; startDate: string; active: boolean; id?: string | undefined; endDate?: string | undefined; totalArea?: number | undefined; notes?: string | undefined; }': name, startDate, active
app/(app)/planting/seasons/page.tsx(229,34): error TS2322: Type 'Control<{ name: string; startDate: string; active: boolean; id?: string | undefined; endDate?: string | undefined; totalArea?: number | undefined; notes?: string | undefined; }, any, TFieldValues>' is not assignable to type 'Control<{ name: string; startDate: string; active: boolean; id?: string | undefined; endDate?: string | undefined; totalArea?: number | undefined; notes?: string | undefined; }, any, { name: string; ... 5 more ...; notes?: string | undefined; }>'.
  The types of '_options.resolver' are incompatible between these types.
    Type 'Resolver<{ name: string; startDate: string; active: boolean; id?: string | undefined; endDate?: string | undefined; totalArea?: number | undefined; notes?: string | undefined; }, any, TFieldValues> | undefined' is not assignable to type 'Resolver<{ name: string; startDate: string; active: boolean; id?: string | undefined; endDate?: string | undefined; totalArea?: number | undefined; notes?: string | undefined; }, any, { name: string; ... 5 more ...; notes?: string | undefined; }> | undefined'.
      Type 'Resolver<{ name: string; startDate: string; active: boolean; id?: string | undefined; endDate?: string | undefined; totalArea?: number | undefined; notes?: string | undefined; }, any, TFieldValues>' is not assignable to type 'Resolver<{ name: string; startDate: string; active: boolean; id?: string | undefined; endDate?: string | undefined; totalArea?: number | undefined; notes?: string | undefined; }, any, { name: string; ... 5 more ...; notes?: string | undefined; }>'.
        Type 'ResolverResult<{ name: string; startDate: string; active: boolean; id?: string | undefined; endDate?: string | undefined; totalArea?: number | undefined; notes?: string | undefined; }, TFieldValues> | Promise<...>' is not assignable to type 'ResolverResult<{ name: string; startDate: string; active: boolean; id?: string | undefined; endDate?: string | undefined; totalArea?: number | undefined; notes?: string | undefined; }, { name: string; ... 5 more ...; notes?: string | undefined; }> | Promise<...>'.
          Type 'ResolverSuccess<TFieldValues>' is not assignable to type 'ResolverResult<{ name: string; startDate: string; active: boolean; id?: string | undefined; endDate?: string | undefined; totalArea?: number | undefined; notes?: string | undefined; }, { name: string; ... 5 more ...; notes?: string | undefined; }> | Promise<...>'.
            Type 'ResolverSuccess<TFieldValues>' is not assignable to type 'ResolverSuccess<{ name: string; startDate: string; active: boolean; id?: string | undefined; endDate?: string | undefined; totalArea?: number | undefined; notes?: string | undefined; }>'.
              Type 'TFieldValues' is not assignable to type '{ name: string; startDate: string; active: boolean; id?: string | undefined; endDate?: string | undefined; totalArea?: number | undefined; notes?: string | undefined; }'.
                Type 'FieldValues' is missing the following properties from type '{ name: string; startDate: string; active: boolean; id?: string | undefined; endDate?: string | undefined; totalArea?: number | undefined; notes?: string | undefined; }': name, startDate, active
app/(app)/planting/seasons/page.tsx(318,36): error TS2322: Type 'Control<{ name: string; active: boolean; description?: string | undefined; }, any, TFieldValues>' is not assignable to type 'Control<{ name: string; active: boolean; description?: string | undefined; }, any, { name: string; active: boolean; description?: string | undefined; }>'.
  The types of '_options.resolver' are incompatible between these types.
    Type 'Resolver<{ name: string; active: boolean; description?: string | undefined; }, any, TFieldValues> | undefined' is not assignable to type 'Resolver<{ name: string; active: boolean; description?: string | undefined; }, any, { name: string; active: boolean; description?: string | undefined; }> | undefined'.
      Type 'Resolver<{ name: string; active: boolean; description?: string | undefined; }, any, TFieldValues>' is not assignable to type 'Resolver<{ name: string; active: boolean; description?: string | undefined; }, any, { name: string; active: boolean; description?: string | undefined; }>'.
        Type 'ResolverResult<{ name: string; active: boolean; description?: string | undefined; }, TFieldValues> | Promise<ResolverResult<{ name: string; active: boolean; description?: string | undefined; }, TFieldValues>>' is not assignable to type 'ResolverResult<{ name: string; active: boolean; description?: string | undefined; }, { name: string; active: boolean; description?: string | undefined; }> | Promise<ResolverResult<{ name: string; active: boolean; description?: string | undefined; }, { ...; }>>'.
          Type 'ResolverSuccess<TFieldValues>' is not assignable to type 'ResolverResult<{ name: string; active: boolean; description?: string | undefined; }, { name: string; active: boolean; description?: string | undefined; }> | Promise<ResolverResult<{ name: string; active: boolean; description?: string | undefined; }, { ...; }>>'.
            Type 'ResolverSuccess<TFieldValues>' is not assignable to type 'ResolverSuccess<{ name: string; active: boolean; description?: string | undefined; }>'.
              Type 'TFieldValues' is not assignable to type '{ name: string; active: boolean; description?: string | undefined; }'.
                Type 'FieldValues' is missing the following properties from type '{ name: string; active: boolean; description?: string | undefined; }': name, active
app/(app)/planting/seasons/page.tsx(329,36): error TS2322: Type 'Control<{ name: string; active: boolean; description?: string | undefined; }, any, TFieldValues>' is not assignable to type 'Control<{ name: string; active: boolean; description?: string | undefined; }, any, { name: string; active: boolean; description?: string | undefined; }>'.
  The types of '_options.resolver' are incompatible between these types.
    Type 'Resolver<{ name: string; active: boolean; description?: string | undefined; }, any, TFieldValues> | undefined' is not assignable to type 'Resolver<{ name: string; active: boolean; description?: string | undefined; }, any, { name: string; active: boolean; description?: string | undefined; }> | undefined'.
      Type 'Resolver<{ name: string; active: boolean; description?: string | undefined; }, any, TFieldValues>' is not assignable to type 'Resolver<{ name: string; active: boolean; description?: string | undefined; }, any, { name: string; active: boolean; description?: string | undefined; }>'.
        Type 'ResolverResult<{ name: string; active: boolean; description?: string | undefined; }, TFieldValues> | Promise<ResolverResult<{ name: string; active: boolean; description?: string | undefined; }, TFieldValues>>' is not assignable to type 'ResolverResult<{ name: string; active: boolean; description?: string | undefined; }, { name: string; active: boolean; description?: string | undefined; }> | Promise<ResolverResult<{ name: string; active: boolean; description?: string | undefined; }, { ...; }>>'.
          Type 'ResolverSuccess<TFieldValues>' is not assignable to type 'ResolverResult<{ name: string; active: boolean; description?: string | undefined; }, { name: string; active: boolean; description?: string | undefined; }> | Promise<ResolverResult<{ name: string; active: boolean; description?: string | undefined; }, { ...; }>>'.
            Type 'ResolverSuccess<TFieldValues>' is not assignable to type 'ResolverSuccess<{ name: string; active: boolean; description?: string | undefined; }>'.
              Type 'TFieldValues' is not assignable to type '{ name: string; active: boolean; description?: string | undefined; }'.
                Type 'FieldValues' is missing the following properties from type '{ name: string; active: boolean; description?: string | undefined; }': name, active
app/(app)/planting/seasons/page.tsx(340,36): error TS2322: Type 'Control<{ name: string; active: boolean; description?: string | undefined; }, any, TFieldValues>' is not assignable to type 'Control<{ name: string; active: boolean; description?: string | undefined; }, any, { name: string; active: boolean; description?: string | undefined; }>'.
  The types of '_options.resolver' are incompatible between these types.
    Type 'Resolver<{ name: string; active: boolean; description?: string | undefined; }, any, TFieldValues> | undefined' is not assignable to type 'Resolver<{ name: string; active: boolean; description?: string | undefined; }, any, { name: string; active: boolean; description?: string | undefined; }> | undefined'.
      Type 'Resolver<{ name: string; active: boolean; description?: string | undefined; }, any, TFieldValues>' is not assignable to type 'Resolver<{ name: string; active: boolean; description?: string | undefined; }, any, { name: string; active: boolean; description?: string | undefined; }>'.
        Type 'ResolverResult<{ name: string; active: boolean; description?: string | undefined; }, TFieldValues> | Promise<ResolverResult<{ name: string; active: boolean; description?: string | undefined; }, TFieldValues>>' is not assignable to type 'ResolverResult<{ name: string; active: boolean; description?: string | undefined; }, { name: string; active: boolean; description?: string | undefined; }> | Promise<ResolverResult<{ name: string; active: boolean; description?: string | undefined; }, { ...; }>>'.
          Type 'ResolverSuccess<TFieldValues>' is not assignable to type 'ResolverResult<{ name: string; active: boolean; description?: string | undefined; }, { name: string; active: boolean; description?: string | undefined; }> | Promise<ResolverResult<{ name: string; active: boolean; description?: string | undefined; }, { ...; }>>'.
            Type 'ResolverSuccess<TFieldValues>' is not assignable to type 'ResolverSuccess<{ name: string; active: boolean; description?: string | undefined; }>'.
              Type 'TFieldValues' is not assignable to type '{ name: string; active: boolean; description?: string | undefined; }'.
                Type 'FieldValues' is missing the following properties from type '{ name: string; active: boolean; description?: string | undefined; }': name, active
app/api/employees/[id]/advances/[advanceId]/route.ts(50,11): error TS2353: Object literal may only specify known properties, and 'amount' does not exist in type '(Without<EmployeeAdvanceUpdateInput, EmployeeAdvanceUncheckedUpdateInput> & EmployeeAdvanceUncheckedUpdateInput) | (Without<...> & EmployeeAdvanceUpdateInput)'.
app/api/employees/[id]/records/[recordId]/route.ts(37,9): error TS2353: Object literal may only specify known properties, and 'baseSalary' does not exist in type '(Without<EmploymentRecordUpdateInput, EmploymentRecordUncheckedUpdateInput> & EmploymentRecordUncheckedUpdateInput) | (Without<...> & EmploymentRecordUpdateInput)'.
app/api/employees/[id]/records/route.ts(49,9): error TS2353: Object literal may only specify known properties, and 'baseSalary' does not exist in type 'Without<EmploymentRecordCreateInput, EmploymentRecordUncheckedCreateInput> & EmploymentRecordUncheckedCreateInput'.
app/api/rh/payments/[id]/route.ts(16,9): error TS2353: Object literal may only specify known properties, and 'encargos' does not exist in type 'RHPaymentInclude<DefaultArgs>'.
app/api/rh/payments/[id]/route.ts(70,55): error TS2339: Property 'salarioBase' does not exist on type '{ transaction: { id: string; createdAt: Date; description: string; type: TransactionType; category: string; costCenterId: string | null; supplierId: string | null; ... 6 more ...; rhPaymentId: string | null; } | null; } & { ...; }'.
app/api/rh/payments/[id]/route.ts(70,100): error TS2339: Property 'adicionais' does not exist on type '{ transaction: { id: string; createdAt: Date; description: string; type: TransactionType; category: string; costCenterId: string | null; supplierId: string | null; ... 6 more ...; rhPaymentId: string | null; } | null; } & { ...; }'.
app/api/rh/payments/[id]/route.ts(70,150): error TS2339: Property 'valorHorasExtras' does not exist on type '{ transaction: { id: string; createdAt: Date; description: string; type: TransactionType; category: string; costCenterId: string | null; supplierId: string | null; ... 6 more ...; rhPaymentId: string | null; } | null; } & { ...; }'.
app/api/rh/payments/[id]/route.ts(71,68): error TS2339: Property 'descontos' does not exist on type '{ transaction: { id: string; createdAt: Date; description: string; type: TransactionType; category: string; costCenterId: string | null; supplierId: string | null; ... 6 more ...; rhPaymentId: string | null; } | null; } & { ...; }'.
app/api/rh/payments/[id]/route.ts(71,119): error TS2339: Property 'valorAdiantamentos' does not exist on type '{ transaction: { id: string; createdAt: Date; description: string; type: TransactionType; category: string; costCenterId: string | null; supplierId: string | null; ... 6 more ...; rhPaymentId: string | null; } | null; } & { ...; }'.
app/api/rh/payments/[id]/route.ts(74,44): error TS2339: Property 'competencia' does not exist on type '{ transaction: { id: string; createdAt: Date; description: string; type: TransactionType; category: string; costCenterId: string | null; supplierId: string | null; ... 6 more ...; rhPaymentId: string | null; } | null; } & { ...; }'.
app/api/rh/payments/[id]/route.ts(75,48): error TS2339: Property 'tipoPagamento' does not exist on type '{ transaction: { id: string; createdAt: Date; description: string; type: TransactionType; category: string; costCenterId: string | null; supplierId: string | null; ... 6 more ...; rhPaymentId: string | null; } | null; } & { ...; }'.
app/api/rh/payments/[id]/route.ts(76,44): error TS2339: Property 'salarioBase' does not exist on type '{ transaction: { id: string; createdAt: Date; description: string; type: TransactionType; category: string; costCenterId: string | null; supplierId: string | null; ... 6 more ...; rhPaymentId: string | null; } | null; } & { ...; }'.
app/api/rh/payments/[id]/route.ts(77,42): error TS2339: Property 'adicionais' does not exist on type '{ transaction: { id: string; createdAt: Date; description: string; type: TransactionType; category: string; costCenterId: string | null; supplierId: string | null; ... 6 more ...; rhPaymentId: string | null; } | null; } & { ...; }'.
app/api/rh/payments/[id]/route.ts(78,44): error TS2339: Property 'horasExtras' does not exist on type '{ transaction: { id: string; createdAt: Date; description: string; type: TransactionType; category: string; costCenterId: string | null; supplierId: string | null; ... 6 more ...; rhPaymentId: string | null; } | null; } & { ...; }'.
app/api/rh/payments/[id]/route.ts(79,54): error TS2339: Property 'valorHorasExtras' does not exist on type '{ transaction: { id: string; createdAt: Date; description: string; type: TransactionType; category: string; costCenterId: string | null; supplierId: string | null; ... 6 more ...; rhPaymentId: string | null; } | null; } & { ...; }'.
app/api/rh/payments/[id]/route.ts(80,40): error TS2339: Property 'descontos' does not exist on type '{ transaction: { id: string; createdAt: Date; description: string; type: TransactionType; category: string; costCenterId: string | null; supplierId: string | null; ... 6 more ...; rhPaymentId: string | null; } | null; } & { ...; }'.
app/api/rh/payments/[id]/route.ts(81,58): error TS2339: Property 'valorAdiantamentos' does not exist on type '{ transaction: { id: string; createdAt: Date; description: string; type: TransactionType; category: string; costCenterId: string | null; supplierId: string | null; ... 6 more ...; rhPaymentId: string | null; } | null; } & { ...; }'.
app/api/rh/payments/[id]/route.ts(94,13): error TS2353: Object literal may only specify known properties, and 'dataPagamento' does not exist in type '(Without<RHPaymentUpdateInput, RHPaymentUncheckedUpdateInput> & RHPaymentUncheckedUpdateInput) | (Without<...> & RHPaymentUpdateInput)'.
app/api/rh/payments/[id]/route.ts(95,56): error TS2339: Property 'formaPagamento' does not exist on type '{ transaction: { id: string; createdAt: Date; description: string; type: TransactionType; category: string; costCenterId: string | null; supplierId: string | null; ... 6 more ...; rhPaymentId: string | null; } | null; } & { ...; }'.
app/api/rh/payments/[id]/route.ts(96,50): error TS2339: Property 'centroCusto' does not exist on type '{ transaction: { id: string; createdAt: Date; description: string; type: TransactionType; category: string; costCenterId: string | null; supplierId: string | null; ... 6 more ...; rhPaymentId: string | null; } | null; } & { ...; }'.
app/api/rh/payments/[id]/route.ts(97,50): error TS2339: Property 'observacoes' does not exist on type '{ transaction: { id: string; createdAt: Date; description: string; type: TransactionType; category: string; costCenterId: string | null; supplierId: string | null; ... 6 more ...; rhPaymentId: string | null; } | null; } & { ...; }'.
app/api/rh/payments/[id]/route.ts(108,52): error TS2551: Property 'employee' does not exist on type '{ id: string; createdAt: Date; updatedAt: Date; status: RHPaymentStatus; costCenterId: string | null; employeeId: string; competenceMonth: string; paymentType: RHPaymentType; ... 10 more ...; notes: string | null; }'. Did you mean 'employeeId'?
app/api/rh/payments/[id]/route.ts(112,56): error TS2339: Property 'formaPagamento' does not exist on type '{ transaction: { id: string; createdAt: Date; description: string; type: TransactionType; category: string; costCenterId: string | null; supplierId: string | null; ... 6 more ...; rhPaymentId: string | null; } | null; } & { ...; }'.
app/api/rh/payments/[id]/route.ts(147,13): error TS2353: Object literal may only specify known properties, and 'dataPagamento' does not exist in type '(Without<RHPaymentUpdateInput, RHPaymentUncheckedUpdateInput> & RHPaymentUncheckedUpdateInput) | (Without<...> & RHPaymentUpdateInput)'.
app/api/rh/payments/[id]/route.ts(148,56): error TS2339: Property 'formaPagamento' does not exist on type '{ transaction: { id: string; createdAt: Date; description: string; type: TransactionType; category: string; costCenterId: string | null; supplierId: string | null; ... 6 more ...; rhPaymentId: string | null; } | null; } & { ...; }'.
app/api/rh/payments/[id]/route.ts(149,50): error TS2339: Property 'centroCusto' does not exist on type '{ transaction: { id: string; createdAt: Date; description: string; type: TransactionType; category: string; costCenterId: string | null; supplierId: string | null; ... 6 more ...; rhPaymentId: string | null; } | null; } & { ...; }'.
app/api/rh/payments/[id]/route.ts(150,50): error TS2339: Property 'observacoes' does not exist on type '{ transaction: { id: string; createdAt: Date; description: string; type: TransactionType; category: string; costCenterId: string | null; supplierId: string | null; ... 6 more ...; rhPaymentId: string | null; } | null; } & { ...; }'.
app/api/rh/payments/[id]/route.ts(164,9): error TS2353: Object literal may only specify known properties, and 'dataPagamento' does not exist in type '(Without<RHPaymentUpdateInput, RHPaymentUncheckedUpdateInput> & RHPaymentUncheckedUpdateInput) | (Without<...> & RHPaymentUpdateInput)'.
app/api/rh/payments/[id]/route.ts(165,52): error TS2339: Property 'formaPagamento' does not exist on type '{ transaction: { id: string; createdAt: Date; description: string; type: TransactionType; category: string; costCenterId: string | null; supplierId: string | null; ... 6 more ...; rhPaymentId: string | null; } | null; } & { ...; }'.
app/api/rh/payments/[id]/route.ts(166,46): error TS2339: Property 'centroCusto' does not exist on type '{ transaction: { id: string; createdAt: Date; description: string; type: TransactionType; category: string; costCenterId: string | null; supplierId: string | null; ... 6 more ...; rhPaymentId: string | null; } | null; } & { ...; }'.
app/api/rh/payments/[id]/route.ts(167,46): error TS2339: Property 'observacoes' does not exist on type '{ transaction: { id: string; createdAt: Date; description: string; type: TransactionType; category: string; costCenterId: string | null; supplierId: string | null; ... 6 more ...; rhPaymentId: string | null; } | null; } & { ...; }'.
app/api/rh/payments/[id]/route.ts(200,37): error TS2353: Object literal may only specify known properties, and 'encargos' does not exist in type 'RHPaymentInclude<DefaultArgs>'.
app/api/rh/payments/[id]/route.ts(209,20): error TS2339: Property 'transaction' does not exist on type '{ id: string; createdAt: Date; updatedAt: Date; status: RHPaymentStatus; costCenterId: string | null; employeeId: string; competenceMonth: string; paymentType: RHPaymentType; ... 10 more ...; notes: string | null; }'.
app/api/rh/payments/[id]/route.ts(211,33): error TS2339: Property 'transaction' does not exist on type '{ id: string; createdAt: Date; updatedAt: Date; status: RHPaymentStatus; costCenterId: string | null; employeeId: string; competenceMonth: string; paymentType: RHPaymentType; ... 10 more ...; notes: string | null; }'.
app/api/rh/reports/route.ts(16,9): error TS2322: Type '"competencia"[]' is not assignable to type 'RHPaymentScalarFieldEnum | RHPaymentScalarFieldEnum[]'.
  Type '"competencia"[]' is not assignable to type 'RHPaymentScalarFieldEnum[]'.
    Type '"competencia"' is not assignable to type 'RHPaymentScalarFieldEnum'.
app/api/rh/reports/route.ts(18,11): error TS2353: Object literal may only specify known properties, and 'competencia' does not exist in type 'RHPaymentWhereInput'.
app/api/rh/reports/route.ts(23,11): error TS2353: Object literal may only specify known properties, and 'totalLiquido' does not exist in type 'RHPaymentSumAggregateInputType'.
app/api/rh/reports/route.ts(29,20): error TS2353: Object literal may only specify known properties, and 'competencia' does not exist in type 'RHPaymentOrderByWithAggregationInput | RHPaymentOrderByWithAggregationInput[]'.
app/api/rh/reports/route.ts(37,22): error TS2353: Object literal may only specify known properties, and 'pagamento' does not exist in type 'EmployerContributionWhereInput'.
app/api/rh/reports/route.ts(37,50): error TS2339: Property 'competencia' does not exist on type 'PickEnumerable<RHPaymentGroupByOutputType, RHPaymentScalarFieldEnum | RHPaymentScalarFieldEnum[]> & { ...; }'.
app/api/rh/reports/route.ts(38,21): error TS2353: Object literal may only specify known properties, and 'totalEncargosEmpresa' does not exist in type 'EmployerContributionSumAggregateInputType'.
app/api/rh/reports/route.ts(42,28): error TS2339: Property 'competencia' does not exist on type 'PickEnumerable<RHPaymentGroupByOutputType, RHPaymentScalarFieldEnum | RHPaymentScalarFieldEnum[]> & { ...; }'.
app/api/rh/reports/route.ts(43,30): error TS18048: 'p._count' is possibly 'undefined'.
app/api/rh/reports/route.ts(43,39): error TS2339: Property 'id' does not exist on type 'true | { id?: number | undefined; employeeId?: number | undefined; competenceMonth?: number | undefined; paymentType?: number | undefined; baseSalaryInCents?: number | undefined; ... 14 more ...; _all?: number | undefined; }'.
  Property 'id' does not exist on type 'true'.
app/api/rh/reports/route.ts(44,34): error TS18048: 'p._sum' is possibly 'undefined'.
app/api/rh/reports/route.ts(44,41): error TS2339: Property 'totalLiquido' does not exist on type '{ baseSalaryInCents?: number | null | undefined; additionsInCents?: number | null | undefined; overtimeHours?: Decimal | null | undefined; overtimeValueInCents?: number | null | undefined; discountsInCents?: number | ... 1 more ... | undefined; advancesValueInCents?: number | ... 1 more ... | undefined; grossTotalIn...'.
app/api/rh/reports/route.ts(45,35): error TS18048: 'taxes._sum' is possibly 'undefined'.
app/api/rh/reports/route.ts(45,46): error TS2339: Property 'totalEncargosEmpresa' does not exist on type '{ companyInssInCents?: number | null | undefined; fgtsInCents?: number | null | undefined; otherTaxesInCents?: number | null | undefined; totalCompanyTaxesInCents?: number | null | undefined; }'.
app/api/rh/reports/route.ts(46,32): error TS18048: 'p._sum' is possibly 'undefined'.
app/api/rh/reports/route.ts(46,39): error TS2339: Property 'totalLiquido' does not exist on type '{ baseSalaryInCents?: number | null | undefined; additionsInCents?: number | null | undefined; overtimeHours?: Decimal | null | undefined; overtimeValueInCents?: number | null | undefined; discountsInCents?: number | ... 1 more ... | undefined; advancesValueInCents?: number | ... 1 more ... | undefined; grossTotalIn...'.
app/api/rh/reports/route.ts(46,67): error TS18048: 'taxes._sum' is possibly 'undefined'.
app/api/rh/reports/route.ts(46,78): error TS2339: Property 'totalEncargosEmpresa' does not exist on type '{ companyInssInCents?: number | null | undefined; fgtsInCents?: number | null | undefined; otherTaxesInCents?: number | null | undefined; totalCompanyTaxesInCents?: number | null | undefined; }'.
app/api/rh/reports/route.ts(71,15): error TS2353: Object literal may only specify known properties, and 'totalLiquido' does not exist in type 'RHPaymentSelect<DefaultArgs>'.
app/api/rh/reports/route.ts(82,34): error TS2339: Property 'rhPayments' does not exist on type '{ id: string; email: string | null; role: string | null; name: string; active: boolean; createdAt: Date; updatedAt: Date; document: string | null; phone: string | null; rg: string | null; ... 7 more ...; standardExitTime: string | null; }'.
app/api/rh/reports/route.ts(82,53): error TS7006: Parameter 'acc' implicitly has an 'any' type.
app/api/rh/reports/route.ts(82,58): error TS7006: Parameter 'p' implicitly has an 'any' type.
app/api/rh/reports/route.ts(83,35): error TS2339: Property 'rhPayments' does not exist on type '{ id: string; email: string | null; role: string | null; name: string; active: boolean; createdAt: Date; updatedAt: Date; document: string | null; phone: string | null; rg: string | null; ... 7 more ...; standardExitTime: string | null; }'.
app/api/rh/reports/route.ts(83,54): error TS7006: Parameter 'acc' implicitly has an 'any' type.
app/api/rh/reports/route.ts(83,59): error TS7006: Parameter 'p' implicitly has an 'any' type.
app/api/rh/reports/route.ts(88,30): error TS2339: Property 'rhPayments' does not exist on type '{ id: string; email: string | null; role: string | null; name: string; active: boolean; createdAt: Date; updatedAt: Date; document: string | null; phone: string | null; rg: string | null; ... 7 more ...; standardExitTime: string | null; }'.
app/api/rh/salary-history/route.ts(15,18): error TS2353: Object literal may only specify known properties, and 'dataVigencia' does not exist in type 'SalaryHistoryOrderByWithRelationInput | SalaryHistoryOrderByWithRelationInput[]'.
app/api/rh/salary-history/route.ts(46,9): error TS2353: Object literal may only specify known properties, and 'salarioAnterior' does not exist in type '(Without<SalaryHistoryCreateInput, SalaryHistoryUncheckedCreateInput> & SalaryHistoryUncheckedCreateInput) | (Without<...> & SalaryHistoryCreateInput)'.
app/api/rh/thirteenth/[id]/route.ts(53,34): error TS2339: Property 'anoReferencia' does not exist on type '{ id: string; createdAt: Date; updatedAt: Date; status: ThirteenthStatus; employeeId: string; referenceYear: number; workedMonths: number; totalAmountInCents: number; firstInstallmentInCents: number | null; secondInstallmentInCents: number | null; firstInstallmentPaid: boolean; secondInstallmentPaid: boolean; }'.
app/api/rh/thirteenth/[id]/route.ts(56,37): error TS2339: Property 'primeiraPaga' does not exist on type '{ employee: { id: string; email: string | null; role: string | null; name: string; active: boolean; createdAt: Date; updatedAt: Date; document: string | null; phone: string | null; ... 8 more ...; standardExitTime: string | null; }; } & { ...; }'.
app/api/rh/thirteenth/[id]/route.ts(61,13): error TS2353: Object literal may only specify known properties, and 'competencia' does not exist in type 'Without<RHPaymentCreateInput, RHPaymentUncheckedCreateInput> & RHPaymentUncheckedCreateInput'.
app/api/rh/thirteenth/[id]/route.ts(68,64): error TS2339: Property 'anoReferencia' does not exist on type '{ id: string; createdAt: Date; updatedAt: Date; status: ThirteenthStatus; employeeId: string; referenceYear: number; workedMonths: number; totalAmountInCents: number; firstInstallmentInCents: number | null; secondInstallmentInCents: number | null; firstInstallmentPaid: boolean; secondInstallmentPaid: boolean; }'.
app/api/rh/thirteenth/[id]/route.ts(74,82): error TS2339: Property 'anoReferencia' does not exist on type '{ id: string; createdAt: Date; updatedAt: Date; status: ThirteenthStatus; employeeId: string; referenceYear: number; workedMonths: number; totalAmountInCents: number; firstInstallmentInCents: number | null; secondInstallmentInCents: number | null; firstInstallmentPaid: boolean; secondInstallmentPaid: boolean; }'.
app/api/rh/thirteenth/[id]/route.ts(87,36): error TS2339: Property 'segundaPaga' does not exist on type '{ employee: { id: string; email: string | null; role: string | null; name: string; active: boolean; createdAt: Date; updatedAt: Date; document: string | null; phone: string | null; ... 8 more ...; standardExitTime: string | null; }; } & { ...; }'.
app/api/rh/thirteenth/[id]/route.ts(91,13): error TS2353: Object literal may only specify known properties, and 'competencia' does not exist in type 'Without<RHPaymentCreateInput, RHPaymentUncheckedCreateInput> & RHPaymentUncheckedCreateInput'.
app/api/rh/thirteenth/[id]/route.ts(98,64): error TS2339: Property 'anoReferencia' does not exist on type '{ id: string; createdAt: Date; updatedAt: Date; status: ThirteenthStatus; employeeId: string; referenceYear: number; workedMonths: number; totalAmountInCents: number; firstInstallmentInCents: number | null; secondInstallmentInCents: number | null; firstInstallmentPaid: boolean; secondInstallmentPaid: boolean; }'.
app/api/rh/thirteenth/[id]/route.ts(104,82): error TS2339: Property 'anoReferencia' does not exist on type '{ id: string; createdAt: Date; updatedAt: Date; status: ThirteenthStatus; employeeId: string; referenceYear: number; workedMonths: number; totalAmountInCents: number; firstInstallmentInCents: number | null; secondInstallmentInCents: number | null; firstInstallmentPaid: boolean; secondInstallmentPaid: boolean; }'.
app/api/rh/thirteenth/route.ts(16,19): error TS2353: Object literal may only specify known properties, and 'anoReferencia' does not exist in type 'ThirteenthSalaryOrderByWithRelationInput'.
app/api/rh/thirteenth/route.ts(48,9): error TS2353: Object literal may only specify known properties, and 'anoReferencia' does not exist in type '(Without<ThirteenthSalaryCreateInput, ThirteenthSalaryUncheckedCreateInput> & ThirteenthSalaryUncheckedCreateInput) | (Without<...> & ThirteenthSalaryCreateInput)'.
app/api/rh/timebank/route.ts(41,43): error TS2339: Property 'saldoHoras' does not exist on type '{ id: string; updatedAt: Date; employeeId: string; balanceHours: Decimal; creditHours: Decimal; debitHours: Decimal; }'.
app/api/rh/timebank/route.ts(45,13): error TS2353: Object literal may only specify known properties, and 'saldoHoras' does not exist in type '(Without<TimeBankUpdateInput, TimeBankUncheckedUpdateInput> & TimeBankUncheckedUpdateInput) | (Without<...> & TimeBankUpdateInput)'.
app/api/rh/timebank/route.ts(46,43): error TS2339: Property 'horasCredito' does not exist on type '{ id: string; updatedAt: Date; employeeId: string; balanceHours: Decimal; creditHours: Decimal; debitHours: Decimal; }'.
app/api/rh/timebank/route.ts(47,42): error TS2339: Property 'horasDebito' does not exist on type '{ id: string; updatedAt: Date; employeeId: string; balanceHours: Decimal; creditHours: Decimal; debitHours: Decimal; }'.
app/api/rh/timebank/route.ts(56,13): error TS2353: Object literal may only specify known properties, and 'saldoHoras' does not exist in type '(Without<TimeBankCreateInput, TimeBankUncheckedCreateInput> & TimeBankUncheckedCreateInput) | (Without<...> & TimeBankCreateInput)'.
app/api/rh/vacations/[id]/route.ts(33,52): error TS2339: Property 'adicionalUmTerco' does not exist on type '{ id: string; createdAt: Date; updatedAt: Date; status: VacationStatus; startDate: Date | null; endDate: Date | null; employeeId: string; vestingPeriodStart: Date; ... 4 more ...; oneThirdBonusInCents: number | null; }'.
app/api/rh/vacations/[id]/route.ts(38,64): error TS2339: Property 'dataInicio' does not exist on type '{ id: string; createdAt: Date; updatedAt: Date; status: VacationStatus; startDate: Date | null; endDate: Date | null; employeeId: string; vestingPeriodStart: Date; ... 4 more ...; oneThirdBonusInCents: number | null; }'.
app/api/rh/vacations/[id]/route.ts(46,13): error TS2353: Object literal may only specify known properties, and 'periodoAquisitivoInicio' does not exist in type '(Without<VacationUpdateInput, VacationUncheckedUpdateInput> & VacationUncheckedUpdateInput) | (Without<...> & VacationUpdateInput)'.
app/api/rh/vacations/[id]/route.ts(67,13): error TS2353: Object literal may only specify known properties, and 'competencia' does not exist in type 'Without<RHPaymentCreateInput, RHPaymentUncheckedCreateInput> & RHPaymentUncheckedCreateInput'.
app/api/rh/vacations/[id]/route.ts(75,71): error TS2339: Property 'periodoAquisitivoInicio' does not exist on type '{ id: string; createdAt: Date; updatedAt: Date; status: VacationStatus; startDate: Date | null; endDate: Date | null; employeeId: string; vestingPeriodStart: Date; ... 4 more ...; oneThirdBonusInCents: number | null; }'.
app/api/rh/vacations/[id]/route.ts(75,120): error TS2339: Property 'periodoAquisitivoFim' does not exist on type '{ id: string; createdAt: Date; updatedAt: Date; status: VacationStatus; startDate: Date | null; endDate: Date | null; employeeId: string; vestingPeriodStart: Date; ... 4 more ...; oneThirdBonusInCents: number | null; }'.
app/api/rh/vacations/[id]/route.ts(82,59): error TS2551: Property 'employee' does not exist on type '{ id: string; createdAt: Date; updatedAt: Date; status: VacationStatus; startDate: Date | null; endDate: Date | null; employeeId: string; vestingPeriodStart: Date; ... 4 more ...; oneThirdBonusInCents: number | null; }'. Did you mean 'employeeId'?
app/api/rh/vacations/[id]/route.ts(112,9): error TS2353: Object literal may only specify known properties, and 'periodoAquisitivoInicio' does not exist in type '(Without<VacationUpdateInput, VacationUncheckedUpdateInput> & VacationUncheckedUpdateInput) | (Without<...> & VacationUpdateInput)'.
app/api/rh/vacations/route.ts(16,18): error TS2353: Object literal may only specify known properties, and 'periodoAquisitivoInicio' does not exist in type 'VacationOrderByWithRelationInput | VacationOrderByWithRelationInput[]'.
app/api/rh/vacations/route.ts(57,9): error TS2353: Object literal may only specify known properties, and 'periodoAquisitivoInicio' does not exist in type '(Without<VacationCreateInput, VacationUncheckedCreateInput> & VacationUncheckedCreateInput) | (Without<...> & VacationCreateInput)'.
app/api/vehicles/[id]/maintenances/[maintenanceId]/route.ts(221,90): error TS2345: Argument of type 'null' is not assignable to parameter of type 'InputJsonValue | undefined'.
tmp_seasons.tsx(174,34): error TS2322: Type 'Control<{ name: string; startDate: string; active: boolean; id?: string | undefined; endDate?: string | undefined; totalArea?: number | undefined; notes?: string | undefined; }, any, TFieldValues>' is not assignable to type 'Control<{ name: string; startDate: string; active: boolean; id?: string | undefined; endDate?: string | undefined; totalArea?: number | undefined; notes?: string | undefined; }, any, { name: string; ... 5 more ...; notes?: string | undefined; }>'.
  The types of '_options.resolver' are incompatible between these types.
    Type 'Resolver<{ name: string; startDate: string; active: boolean; id?: string | undefined; endDate?: string | undefined; totalArea?: number | undefined; notes?: string | undefined; }, any, TFieldValues> | undefined' is not assignable to type 'Resolver<{ name: string; startDate: string; active: boolean; id?: string | undefined; endDate?: string | undefined; totalArea?: number | undefined; notes?: string | undefined; }, any, { name: string; ... 5 more ...; notes?: string | undefined; }> | undefined'.
      Type 'Resolver<{ name: string; startDate: string; active: boolean; id?: string | undefined; endDate?: string | undefined; totalArea?: number | undefined; notes?: string | undefined; }, any, TFieldValues>' is not assignable to type 'Resolver<{ name: string; startDate: string; active: boolean; id?: string | undefined; endDate?: string | undefined; totalArea?: number | undefined; notes?: string | undefined; }, any, { name: string; ... 5 more ...; notes?: string | undefined; }>'.
        Type 'ResolverResult<{ name: string; startDate: string; active: boolean; id?: string | undefined; endDate?: string | undefined; totalArea?: number | undefined; notes?: string | undefined; }, TFieldValues> | Promise<...>' is not assignable to type 'ResolverResult<{ name: string; startDate: string; active: boolean; id?: string | undefined; endDate?: string | undefined; totalArea?: number | undefined; notes?: string | undefined; }, { name: string; ... 5 more ...; notes?: string | undefined; }> | Promise<...>'.
          Type 'ResolverSuccess<TFieldValues>' is not assignable to type 'ResolverResult<{ name: string; startDate: string; active: boolean; id?: string | undefined; endDate?: string | undefined; totalArea?: number | undefined; notes?: string | undefined; }, { name: string; ... 5 more ...; notes?: string | undefined; }> | Promise<...>'.
            Type 'ResolverSuccess<TFieldValues>' is not assignable to type 'ResolverSuccess<{ name: string; startDate: string; active: boolean; id?: string | undefined; endDate?: string | undefined; totalArea?: number | undefined; notes?: string | undefined; }>'.
              Type 'TFieldValues' is not assignable to type '{ name: string; startDate: string; active: boolean; id?: string | undefined; endDate?: string | undefined; totalArea?: number | undefined; notes?: string | undefined; }'.
                Type 'FieldValues' is missing the following properties from type '{ name: string; startDate: string; active: boolean; id?: string | undefined; endDate?: string | undefined; totalArea?: number | undefined; notes?: string | undefined; }': name, startDate, active
tmp_seasons.tsx(185,34): error TS2322: Type 'Control<{ name: string; startDate: string; active: boolean; id?: string | undefined; endDate?: string | undefined; totalArea?: number | undefined; notes?: string | undefined; }, any, TFieldValues>' is not assignable to type 'Control<{ name: string; startDate: string; active: boolean; id?: string | undefined; endDate?: string | undefined; totalArea?: number | undefined; notes?: string | undefined; }, any, { name: string; ... 5 more ...; notes?: string | undefined; }>'.
  The types of '_options.resolver' are incompatible between these types.
    Type 'Resolver<{ name: string; startDate: string; active: boolean; id?: string | undefined; endDate?: string | undefined; totalArea?: number | undefined; notes?: string | undefined; }, any, TFieldValues> | undefined' is not assignable to type 'Resolver<{ name: string; startDate: string; active: boolean; id?: string | undefined; endDate?: string | undefined; totalArea?: number | undefined; notes?: string | undefined; }, any, { name: string; ... 5 more ...; notes?: string | undefined; }> | undefined'.
      Type 'Resolver<{ name: string; startDate: string; active: boolean; id?: string | undefined; endDate?: string | undefined; totalArea?: number | undefined; notes?: string | undefined; }, any, TFieldValues>' is not assignable to type 'Resolver<{ name: string; startDate: string; active: boolean; id?: string | undefined; endDate?: string | undefined; totalArea?: number | undefined; notes?: string | undefined; }, any, { name: string; ... 5 more ...; notes?: string | undefined; }>'.
        Type 'ResolverResult<{ name: string; startDate: string; active: boolean; id?: string | undefined; endDate?: string | undefined; totalArea?: number | undefined; notes?: string | undefined; }, TFieldValues> | Promise<...>' is not assignable to type 'ResolverResult<{ name: string; startDate: string; active: boolean; id?: string | undefined; endDate?: string | undefined; totalArea?: number | undefined; notes?: string | undefined; }, { name: string; ... 5 more ...; notes?: string | undefined; }> | Promise<...>'.
          Type 'ResolverSuccess<TFieldValues>' is not assignable to type 'ResolverResult<{ name: string; startDate: string; active: boolean; id?: string | undefined; endDate?: string | undefined; totalArea?: number | undefined; notes?: string | undefined; }, { name: string; ... 5 more ...; notes?: string | undefined; }> | Promise<...>'.
            Type 'ResolverSuccess<TFieldValues>' is not assignable to type 'ResolverSuccess<{ name: string; startDate: string; active: boolean; id?: string | undefined; endDate?: string | undefined; totalArea?: number | undefined; notes?: string | undefined; }>'.
              Type 'TFieldValues' is not assignable to type '{ name: string; startDate: string; active: boolean; id?: string | undefined; endDate?: string | undefined; totalArea?: number | undefined; notes?: string | undefined; }'.
                Type 'FieldValues' is missing the following properties from type '{ name: string; startDate: string; active: boolean; id?: string | undefined; endDate?: string | undefined; totalArea?: number | undefined; notes?: string | undefined; }': name, startDate, active
tmp_seasons.tsx(196,34): error TS2322: Type 'Control<{ name: string; startDate: string; active: boolean; id?: string | undefined; endDate?: string | undefined; totalArea?: number | undefined; notes?: string | undefined; }, any, TFieldValues>' is not assignable to type 'Control<{ name: string; startDate: string; active: boolean; id?: string | undefined; endDate?: string | undefined; totalArea?: number | undefined; notes?: string | undefined; }, any, { name: string; ... 5 more ...; notes?: string | undefined; }>'.
  The types of '_options.resolver' are incompatible between these types.
    Type 'Resolver<{ name: string; startDate: string; active: boolean; id?: string | undefined; endDate?: string | undefined; totalArea?: number | undefined; notes?: string | undefined; }, any, TFieldValues> | undefined' is not assignable to type 'Resolver<{ name: string; startDate: string; active: boolean; id?: string | undefined; endDate?: string | undefined; totalArea?: number | undefined; notes?: string | undefined; }, any, { name: string; ... 5 more ...; notes?: string | undefined; }> | undefined'.
      Type 'Resolver<{ name: string; startDate: string; active: boolean; id?: string | undefined; endDate?: string | undefined; totalArea?: number | undefined; notes?: string | undefined; }, any, TFieldValues>' is not assignable to type 'Resolver<{ name: string; startDate: string; active: boolean; id?: string | undefined; endDate?: string | undefined; totalArea?: number | undefined; notes?: string | undefined; }, any, { name: string; ... 5 more ...; notes?: string | undefined; }>'.
        Type 'ResolverResult<{ name: string; startDate: string; active: boolean; id?: string | undefined; endDate?: string | undefined; totalArea?: number | undefined; notes?: string | undefined; }, TFieldValues> | Promise<...>' is not assignable to type 'ResolverResult<{ name: string; startDate: string; active: boolean; id?: string | undefined; endDate?: string | undefined; totalArea?: number | undefined; notes?: string | undefined; }, { name: string; ... 5 more ...; notes?: string | undefined; }> | Promise<...>'.
          Type 'ResolverSuccess<TFieldValues>' is not assignable to type 'ResolverResult<{ name: string; startDate: string; active: boolean; id?: string | undefined; endDate?: string | undefined; totalArea?: number | undefined; notes?: string | undefined; }, { name: string; ... 5 more ...; notes?: string | undefined; }> | Promise<...>'.
            Type 'ResolverSuccess<TFieldValues>' is not assignable to type 'ResolverSuccess<{ name: string; startDate: string; active: boolean; id?: string | undefined; endDate?: string | undefined; totalArea?: number | undefined; notes?: string | undefined; }>'.
              Type 'TFieldValues' is not assignable to type '{ name: string; startDate: string; active: boolean; id?: string | undefined; endDate?: string | undefined; totalArea?: number | undefined; notes?: string | undefined; }'.
                Type 'FieldValues' is missing the following properties from type '{ name: string; startDate: string; active: boolean; id?: string | undefined; endDate?: string | undefined; totalArea?: number | undefined; notes?: string | undefined; }': name, startDate, active
tmp_seasons.tsx(207,34): error TS2322: Type 'Control<{ name: string; startDate: string; active: boolean; id?: string | undefined; endDate?: string | undefined; totalArea?: number | undefined; notes?: string | undefined; }, any, TFieldValues>' is not assignable to type 'Control<{ name: string; startDate: string; active: boolean; id?: string | undefined; endDate?: string | undefined; totalArea?: number | undefined; notes?: string | undefined; }, any, { name: string; ... 5 more ...; notes?: string | undefined; }>'.
  The types of '_options.resolver' are incompatible between these types.
    Type 'Resolver<{ name: string; startDate: string; active: boolean; id?: string | undefined; endDate?: string | undefined; totalArea?: number | undefined; notes?: string | undefined; }, any, TFieldValues> | undefined' is not assignable to type 'Resolver<{ name: string; startDate: string; active: boolean; id?: string | undefined; endDate?: string | undefined; totalArea?: number | undefined; notes?: string | undefined; }, any, { name: string; ... 5 more ...; notes?: string | undefined; }> | undefined'.
      Type 'Resolver<{ name: string; startDate: string; active: boolean; id?: string | undefined; endDate?: string | undefined; totalArea?: number | undefined; notes?: string | undefined; }, any, TFieldValues>' is not assignable to type 'Resolver<{ name: string; startDate: string; active: boolean; id?: string | undefined; endDate?: string | undefined; totalArea?: number | undefined; notes?: string | undefined; }, any, { name: string; ... 5 more ...; notes?: string | undefined; }>'.
        Type 'ResolverResult<{ name: string; startDate: string; active: boolean; id?: string | undefined; endDate?: string | undefined; totalArea?: number | undefined; notes?: string | undefined; }, TFieldValues> | Promise<...>' is not assignable to type 'ResolverResult<{ name: string; startDate: string; active: boolean; id?: string | undefined; endDate?: string | undefined; totalArea?: number | undefined; notes?: string | undefined; }, { name: string; ... 5 more ...; notes?: string | undefined; }> | Promise<...>'.
          Type 'ResolverSuccess<TFieldValues>' is not assignable to type 'ResolverResult<{ name: string; startDate: string; active: boolean; id?: string | undefined; endDate?: string | undefined; totalArea?: number | undefined; notes?: string | undefined; }, { name: string; ... 5 more ...; notes?: string | undefined; }> | Promise<...>'.
            Type 'ResolverSuccess<TFieldValues>' is not assignable to type 'ResolverSuccess<{ name: string; startDate: string; active: boolean; id?: string | undefined; endDate?: string | undefined; totalArea?: number | undefined; notes?: string | undefined; }>'.
              Type 'TFieldValues' is not assignable to type '{ name: string; startDate: string; active: boolean; id?: string | undefined; endDate?: string | undefined; totalArea?: number | undefined; notes?: string | undefined; }'.
                Type 'FieldValues' is missing the following properties from type '{ name: string; startDate: string; active: boolean; id?: string | undefined; endDate?: string | undefined; totalArea?: number | undefined; notes?: string | undefined; }': name, startDate, active
tmp_seasons.tsx(218,34): error TS2322: Type 'Control<{ name: string; startDate: string; active: boolean; id?: string | undefined; endDate?: string | undefined; totalArea?: number | undefined; notes?: string | undefined; }, any, TFieldValues>' is not assignable to type 'Control<{ name: string; startDate: string; active: boolean; id?: string | undefined; endDate?: string | undefined; totalArea?: number | undefined; notes?: string | undefined; }, any, { name: string; ... 5 more ...; notes?: string | undefined; }>'.
  The types of '_options.resolver' are incompatible between these types.
    Type 'Resolver<{ name: string; startDate: string; active: boolean; id?: string | undefined; endDate?: string | undefined; totalArea?: number | undefined; notes?: string | undefined; }, any, TFieldValues> | undefined' is not assignable to type 'Resolver<{ name: string; startDate: string; active: boolean; id?: string | undefined; endDate?: string | undefined; totalArea?: number | undefined; notes?: string | undefined; }, any, { name: string; ... 5 more ...; notes?: string | undefined; }> | undefined'.
      Type 'Resolver<{ name: string; startDate: string; active: boolean; id?: string | undefined; endDate?: string | undefined; totalArea?: number | undefined; notes?: string | undefined; }, any, TFieldValues>' is not assignable to type 'Resolver<{ name: string; startDate: string; active: boolean; id?: string | undefined; endDate?: string | undefined; totalArea?: number | undefined; notes?: string | undefined; }, any, { name: string; ... 5 more ...; notes?: string | undefined; }>'.
        Type 'ResolverResult<{ name: string; startDate: string; active: boolean; id?: string | undefined; endDate?: string | undefined; totalArea?: number | undefined; notes?: string | undefined; }, TFieldValues> | Promise<...>' is not assignable to type 'ResolverResult<{ name: string; startDate: string; active: boolean; id?: string | undefined; endDate?: string | undefined; totalArea?: number | undefined; notes?: string | undefined; }, { name: string; ... 5 more ...; notes?: string | undefined; }> | Promise<...>'.
          Type 'ResolverSuccess<TFieldValues>' is not assignable to type 'ResolverResult<{ name: string; startDate: string; active: boolean; id?: string | undefined; endDate?: string | undefined; totalArea?: number | undefined; notes?: string | undefined; }, { name: string; ... 5 more ...; notes?: string | undefined; }> | Promise<...>'.
            Type 'ResolverSuccess<TFieldValues>' is not assignable to type 'ResolverSuccess<{ name: string; startDate: string; active: boolean; id?: string | undefined; endDate?: string | undefined; totalArea?: number | undefined; notes?: string | undefined; }>'.
              Type 'TFieldValues' is not assignable to type '{ name: string; startDate: string; active: boolean; id?: string | undefined; endDate?: string | undefined; totalArea?: number | undefined; notes?: string | undefined; }'.
                Type 'FieldValues' is missing the following properties from type '{ name: string; startDate: string; active: boolean; id?: string | undefined; endDate?: string | undefined; totalArea?: number | undefined; notes?: string | undefined; }': name, startDate, active
tmp_seasons.tsx(229,34): error TS2322: Type 'Control<{ name: string; startDate: string; active: boolean; id?: string | undefined; endDate?: string | undefined; totalArea?: number | undefined; notes?: string | undefined; }, any, TFieldValues>' is not assignable to type 'Control<{ name: string; startDate: string; active: boolean; id?: string | undefined; endDate?: string | undefined; totalArea?: number | undefined; notes?: string | undefined; }, any, { name: string; ... 5 more ...; notes?: string | undefined; }>'.
  The types of '_options.resolver' are incompatible between these types.
    Type 'Resolver<{ name: string; startDate: string; active: boolean; id?: string | undefined; endDate?: string | undefined; totalArea?: number | undefined; notes?: string | undefined; }, any, TFieldValues> | undefined' is not assignable to type 'Resolver<{ name: string; startDate: string; active: boolean; id?: string | undefined; endDate?: string | undefined; totalArea?: number | undefined; notes?: string | undefined; }, any, { name: string; ... 5 more ...; notes?: string | undefined; }> | undefined'.
      Type 'Resolver<{ name: string; startDate: string; active: boolean; id?: string | undefined; endDate?: string | undefined; totalArea?: number | undefined; notes?: string | undefined; }, any, TFieldValues>' is not assignable to type 'Resolver<{ name: string; startDate: string; active: boolean; id?: string | undefined; endDate?: string | undefined; totalArea?: number | undefined; notes?: string | undefined; }, any, { name: string; ... 5 more ...; notes?: string | undefined; }>'.
        Type 'ResolverResult<{ name: string; startDate: string; active: boolean; id?: string | undefined; endDate?: string | undefined; totalArea?: number | undefined; notes?: string | undefined; }, TFieldValues> | Promise<...>' is not assignable to type 'ResolverResult<{ name: string; startDate: string; active: boolean; id?: string | undefined; endDate?: string | undefined; totalArea?: number | undefined; notes?: string | undefined; }, { name: string; ... 5 more ...; notes?: string | undefined; }> | Promise<...>'.
          Type 'ResolverSuccess<TFieldValues>' is not assignable to type 'ResolverResult<{ name: string; startDate: string; active: boolean; id?: string | undefined; endDate?: string | undefined; totalArea?: number | undefined; notes?: string | undefined; }, { name: string; ... 5 more ...; notes?: string | undefined; }> | Promise<...>'.
            Type 'ResolverSuccess<TFieldValues>' is not assignable to type 'ResolverSuccess<{ name: string; startDate: string; active: boolean; id?: string | undefined; endDate?: string | undefined; totalArea?: number | undefined; notes?: string | undefined; }>'.
              Type 'TFieldValues' is not assignable to type '{ name: string; startDate: string; active: boolean; id?: string | undefined; endDate?: string | undefined; totalArea?: number | undefined; notes?: string | undefined; }'.
                Type 'FieldValues' is missing the following properties from type '{ name: string; startDate: string; active: boolean; id?: string | undefined; endDate?: string | undefined; totalArea?: number | undefined; notes?: string | undefined; }': name, startDate, active
tmp_seasons.tsx(326,36): error TS2322: Type 'Control<{ name: string; active: boolean; description?: string | undefined; }, any, TFieldValues>' is not assignable to type 'Control<{ name: string; active: boolean; description?: string | undefined; }, any, { name: string; active: boolean; description?: string | undefined; }>'.
  The types of '_options.resolver' are incompatible between these types.
    Type 'Resolver<{ name: string; active: boolean; description?: string | undefined; }, any, TFieldValues> | undefined' is not assignable to type 'Resolver<{ name: string; active: boolean; description?: string | undefined; }, any, { name: string; active: boolean; description?: string | undefined; }> | undefined'.
      Type 'Resolver<{ name: string; active: boolean; description?: string | undefined; }, any, TFieldValues>' is not assignable to type 'Resolver<{ name: string; active: boolean; description?: string | undefined; }, any, { name: string; active: boolean; description?: string | undefined; }>'.
        Type 'ResolverResult<{ name: string; active: boolean; description?: string | undefined; }, TFieldValues> | Promise<ResolverResult<{ name: string; active: boolean; description?: string | undefined; }, TFieldValues>>' is not assignable to type 'ResolverResult<{ name: string; active: boolean; description?: string | undefined; }, { name: string; active: boolean; description?: string | undefined; }> | Promise<ResolverResult<{ name: string; active: boolean; description?: string | undefined; }, { ...; }>>'.
          Type 'ResolverSuccess<TFieldValues>' is not assignable to type 'ResolverResult<{ name: string; active: boolean; description?: string | undefined; }, { name: string; active: boolean; description?: string | undefined; }> | Promise<ResolverResult<{ name: string; active: boolean; description?: string | undefined; }, { ...; }>>'.
            Type 'ResolverSuccess<TFieldValues>' is not assignable to type 'ResolverSuccess<{ name: string; active: boolean; description?: string | undefined; }>'.
              Type 'TFieldValues' is not assignable to type '{ name: string; active: boolean; description?: string | undefined; }'.
                Type 'FieldValues' is missing the following properties from type '{ name: string; active: boolean; description?: string | undefined; }': name, active
tmp_seasons.tsx(337,36): error TS2322: Type 'Control<{ name: string; active: boolean; description?: string | undefined; }, any, TFieldValues>' is not assignable to type 'Control<{ name: string; active: boolean; description?: string | undefined; }, any, { name: string; active: boolean; description?: string | undefined; }>'.
  The types of '_options.resolver' are incompatible between these types.
    Type 'Resolver<{ name: string; active: boolean; description?: string | undefined; }, any, TFieldValues> | undefined' is not assignable to type 'Resolver<{ name: string; active: boolean; description?: string | undefined; }, any, { name: string; active: boolean; description?: string | undefined; }> | undefined'.
      Type 'Resolver<{ name: string; active: boolean; description?: string | undefined; }, any, TFieldValues>' is not assignable to type 'Resolver<{ name: string; active: boolean; description?: string | undefined; }, any, { name: string; active: boolean; description?: string | undefined; }>'.
        Type 'ResolverResult<{ name: string; active: boolean; description?: string | undefined; }, TFieldValues> | Promise<ResolverResult<{ name: string; active: boolean; description?: string | undefined; }, TFieldValues>>' is not assignable to type 'ResolverResult<{ name: string; active: boolean; description?: string | undefined; }, { name: string; active: boolean; description?: string | undefined; }> | Promise<ResolverResult<{ name: string; active: boolean; description?: string | undefined; }, { ...; }>>'.
          Type 'ResolverSuccess<TFieldValues>' is not assignable to type 'ResolverResult<{ name: string; active: boolean; description?: string | undefined; }, { name: string; active: boolean; description?: string | undefined; }> | Promise<ResolverResult<{ name: string; active: boolean; description?: string | undefined; }, { ...; }>>'.
            Type 'ResolverSuccess<TFieldValues>' is not assignable to type 'ResolverSuccess<{ name: string; active: boolean; description?: string | undefined; }>'.
              Type 'TFieldValues' is not assignable to type '{ name: string; active: boolean; description?: string | undefined; }'.
                Type 'FieldValues' is missing the following properties from type '{ name: string; active: boolean; description?: string | undefined; }': name, active
tmp_seasons.tsx(348,36): error TS2322: Type 'Control<{ name: string; active: boolean; description?: string | undefined; }, any, TFieldValues>' is not assignable to type 'Control<{ name: string; active: boolean; description?: string | undefined; }, any, { name: string; active: boolean; description?: string | undefined; }>'.
  The types of '_options.resolver' are incompatible between these types.
    Type 'Resolver<{ name: string; active: boolean; description?: string | undefined; }, any, TFieldValues> | undefined' is not assignable to type 'Resolver<{ name: string; active: boolean; description?: string | undefined; }, any, { name: string; active: boolean; description?: string | undefined; }> | undefined'.
      Type 'Resolver<{ name: string; active: boolean; description?: string | undefined; }, any, TFieldValues>' is not assignable to type 'Resolver<{ name: string; active: boolean; description?: string | undefined; }, any, { name: string; active: boolean; description?: string | undefined; }>'.
        Type 'ResolverResult<{ name: string; active: boolean; description?: string | undefined; }, TFieldValues> | Promise<ResolverResult<{ name: string; active: boolean; description?: string | undefined; }, TFieldValues>>' is not assignable to type 'ResolverResult<{ name: string; active: boolean; description?: string | undefined; }, { name: string; active: boolean; description?: string | undefined; }> | Promise<ResolverResult<{ name: string; active: boolean; description?: string | undefined; }, { ...; }>>'.
          Type 'ResolverSuccess<TFieldValues>' is not assignable to type 'ResolverResult<{ name: string; active: boolean; description?: string | undefined; }, { name: string; active: boolean; description?: string | undefined; }> | Promise<ResolverResult<{ name: string; active: boolean; description?: string | undefined; }, { ...; }>>'.
            Type 'ResolverSuccess<TFieldValues>' is not assignable to type 'ResolverSuccess<{ name: string; active: boolean; description?: string | undefined; }>'.
              Type 'TFieldValues' is not assignable to type '{ name: string; active: boolean; description?: string | undefined; }'.
                Type 'FieldValues' is missing the following properties from type '{ name: string; active: boolean; description?: string | undefined; }': name, active
